2026-01-18T15:03:36.1861942Z Current runner version: '2.331.0'
2026-01-18T15:03:36.1885555Z ##[group]Runner Image Provisioner
2026-01-18T15:03:36.1886770Z Hosted Compute Agent
2026-01-18T15:03:36.1887421Z Version: 20251211.462
2026-01-18T15:03:36.1888042Z Commit: 6cbad8c2bb55d58165063d031ccabf57e2d2db61
2026-01-18T15:03:36.1888825Z Build Date: 2025-12-11T16:28:49Z
2026-01-18T15:03:36.1889537Z Worker ID: {cd70384b-5c01-4ec9-93bf-a6b661f9eeed}
2026-01-18T15:03:36.1890250Z ##[endgroup]
2026-01-18T15:03:36.1890859Z ##[group]Operating System
2026-01-18T15:03:36.1891466Z Ubuntu
2026-01-18T15:03:36.1891938Z 24.04.3
2026-01-18T15:03:36.1892476Z LTS
2026-01-18T15:03:36.1892972Z ##[endgroup]
2026-01-18T15:03:36.1893550Z ##[group]Runner Image
2026-01-18T15:03:36.1894176Z Image: ubuntu-24.04
2026-01-18T15:03:36.1894722Z Version: 20260111.209.1
2026-01-18T15:03:36.1895761Z Included Software: https://github.com/actions/runner-images/blob/ubuntu24/20260111.209/images/ubuntu/Ubuntu2404-Readme.md
2026-01-18T15:03:36.1897511Z Image Release: https://github.com/actions/runner-images/releases/tag/ubuntu24%2F20260111.209
2026-01-18T15:03:36.1898568Z ##[endgroup]
2026-01-18T15:03:36.1899721Z ##[group]GITHUB_TOKEN Permissions
2026-01-18T15:03:36.1901563Z Contents: write
2026-01-18T15:03:36.1902105Z Metadata: read
2026-01-18T15:03:36.1902789Z ##[endgroup]
2026-01-18T15:03:36.1905035Z Secret source: Actions
2026-01-18T15:03:36.1905738Z Prepare workflow directory
2026-01-18T15:03:36.2284946Z Prepare all required actions
2026-01-18T15:03:36.2322206Z Getting action download info
2026-01-18T15:03:36.6132898Z Download action repository 'actions/checkout@v6.0.1' (SHA:8e8c483db84b4bee98b60c0593521ed34d9990e8)
2026-01-18T15:03:36.7529059Z Download action repository 'actions/setup-python@v6.1.0' (SHA:83679a892e2d95755f2dac6acb0bfd1e9ac5d548)
2026-01-18T15:03:36.9759374Z Complete job name: Run Prioritzing Handler
2026-01-18T15:03:37.0447926Z ##[group]Run actions/checkout@v6.0.1
2026-01-18T15:03:37.0448885Z with:
2026-01-18T15:03:37.0449249Z   ref: main
2026-01-18T15:03:37.0449665Z   repository: Boss-1s/scratchattach
2026-01-18T15:03:37.0450326Z   token: ***
2026-01-18T15:03:37.0450700Z   ssh-strict: true
2026-01-18T15:03:37.0451088Z   ssh-user: git
2026-01-18T15:03:37.0451480Z   persist-credentials: true
2026-01-18T15:03:37.0451917Z   clean: true
2026-01-18T15:03:37.0452306Z   sparse-checkout-cone-mode: true
2026-01-18T15:03:37.0452773Z   fetch-depth: 1
2026-01-18T15:03:37.0453143Z   fetch-tags: false
2026-01-18T15:03:37.0453538Z   show-progress: true
2026-01-18T15:03:37.0453926Z   lfs: false
2026-01-18T15:03:37.0454294Z   submodules: false
2026-01-18T15:03:37.0454686Z   set-safe-directory: true
2026-01-18T15:03:37.0455308Z ##[endgroup]
2026-01-18T15:03:37.1351758Z Syncing repository: Boss-1s/scratchattach
2026-01-18T15:03:37.1353576Z ##[group]Getting Git version info
2026-01-18T15:03:37.1354400Z Working directory is '/home/runner/work/scratchattach/scratchattach'
2026-01-18T15:03:37.1355440Z [command]/usr/bin/git version
2026-01-18T15:03:37.1426597Z git version 2.52.0
2026-01-18T15:03:37.1446542Z ##[endgroup]
2026-01-18T15:03:37.1460313Z Temporarily overriding HOME='/home/runner/work/_temp/72b7019d-de8d-4d12-bcf7-626b4d076843' before making global git config changes
2026-01-18T15:03:37.1461666Z Adding repository directory to the temporary git global config as a safe directory
2026-01-18T15:03:37.1465170Z [command]/usr/bin/git config --global --add safe.directory /home/runner/work/scratchattach/scratchattach
2026-01-18T15:03:37.1505857Z Deleting the contents of '/home/runner/work/scratchattach/scratchattach'
2026-01-18T15:03:37.1509476Z ##[group]Initializing the repository
2026-01-18T15:03:37.1514805Z [command]/usr/bin/git init /home/runner/work/scratchattach/scratchattach
2026-01-18T15:03:37.1627336Z hint: Using 'master' as the name for the initial branch. This default branch name
2026-01-18T15:03:37.1628623Z hint: will change to "main" in Git 3.0. To configure the initial branch name
2026-01-18T15:03:37.1629532Z hint: to use in all of your new repositories, which will suppress this warning,
2026-01-18T15:03:37.1631202Z hint: call:
2026-01-18T15:03:37.1631599Z hint:
2026-01-18T15:03:37.1632095Z hint: 	git config --global init.defaultBranch <name>
2026-01-18T15:03:37.1633105Z hint:
2026-01-18T15:03:37.1634106Z hint: Names commonly chosen instead of 'master' are 'main', 'trunk' and
2026-01-18T15:03:37.1635802Z hint: 'development'. The just-created branch can be renamed via this command:
2026-01-18T15:03:37.1637281Z hint:
2026-01-18T15:03:37.1638023Z hint: 	git branch -m <name>
2026-01-18T15:03:37.1638803Z hint:
2026-01-18T15:03:37.1639802Z hint: Disable this message with "git config set advice.defaultBranchName false"
2026-01-18T15:03:37.1641530Z Initialized empty Git repository in /home/runner/work/scratchattach/scratchattach/.git/
2026-01-18T15:03:37.1644813Z [command]/usr/bin/git remote add origin https://github.com/Boss-1s/scratchattach
2026-01-18T15:03:37.1680058Z ##[endgroup]
2026-01-18T15:03:37.1681241Z ##[group]Disabling automatic garbage collection
2026-01-18T15:03:37.1684552Z [command]/usr/bin/git config --local gc.auto 0
2026-01-18T15:03:37.1713143Z ##[endgroup]
2026-01-18T15:03:37.1714352Z ##[group]Setting up auth
2026-01-18T15:03:37.1715245Z Removing SSH command configuration
2026-01-18T15:03:37.1720907Z [command]/usr/bin/git config --local --name-only --get-regexp core\.sshCommand
2026-01-18T15:03:37.1751187Z [command]/usr/bin/git submodule foreach --recursive sh -c "git config --local --name-only --get-regexp 'core\.sshCommand' && git config --local --unset-all 'core.sshCommand' || :"
2026-01-18T15:03:37.2085578Z Removing HTTP extra header
2026-01-18T15:03:37.2090734Z [command]/usr/bin/git config --local --name-only --get-regexp http\.https\:\/\/github\.com\/\.extraheader
2026-01-18T15:03:37.2122513Z [command]/usr/bin/git submodule foreach --recursive sh -c "git config --local --name-only --get-regexp 'http\.https\:\/\/github\.com\/\.extraheader' && git config --local --unset-all 'http.https://github.com/.extraheader' || :"
2026-01-18T15:03:37.2350751Z Removing includeIf entries pointing to credentials config files
2026-01-18T15:03:37.2357210Z [command]/usr/bin/git config --local --name-only --get-regexp ^includeIf\.gitdir:
2026-01-18T15:03:37.2389367Z [command]/usr/bin/git submodule foreach --recursive git config --local --show-origin --name-only --get-regexp remote.origin.url
2026-01-18T15:03:37.2623239Z [command]/usr/bin/git config --file /home/runner/work/_temp/git-credentials-40835795-d55b-4053-a54d-68e5d99b8317.config http.https://github.com/.extraheader AUTHORIZATION: basic ***
2026-01-18T15:03:37.2659507Z [command]/usr/bin/git config --local includeIf.gitdir:/home/runner/work/scratchattach/scratchattach/.git.path /home/runner/work/_temp/git-credentials-40835795-d55b-4053-a54d-68e5d99b8317.config
2026-01-18T15:03:37.2689658Z [command]/usr/bin/git config --local includeIf.gitdir:/home/runner/work/scratchattach/scratchattach/.git/worktrees/*.path /home/runner/work/_temp/git-credentials-40835795-d55b-4053-a54d-68e5d99b8317.config
2026-01-18T15:03:37.2720919Z [command]/usr/bin/git config --local includeIf.gitdir:/github/workspace/.git.path /github/runner_temp/git-credentials-40835795-d55b-4053-a54d-68e5d99b8317.config
2026-01-18T15:03:37.2753620Z [command]/usr/bin/git config --local includeIf.gitdir:/github/workspace/.git/worktrees/*.path /github/runner_temp/git-credentials-40835795-d55b-4053-a54d-68e5d99b8317.config
2026-01-18T15:03:37.2780237Z ##[endgroup]
2026-01-18T15:03:37.2780919Z ##[group]Fetching the repository
2026-01-18T15:03:37.2788953Z [command]/usr/bin/git -c protocol.version=2 fetch --no-tags --prune --no-recurse-submodules --depth=1 origin +refs/heads/main*:refs/remotes/origin/main* +refs/tags/main*:refs/tags/main*
2026-01-18T15:04:18.2125082Z From https://github.com/Boss-1s/scratchattach
2026-01-18T15:04:18.2125926Z  * [new branch]      main       -> origin/main
2026-01-18T15:04:18.2153456Z ##[endgroup]
2026-01-18T15:04:18.2154281Z ##[group]Determining the checkout info
2026-01-18T15:04:18.2160628Z [command]/usr/bin/git branch --list --remote origin/main
2026-01-18T15:04:18.2191105Z   origin/main
2026-01-18T15:04:18.2196569Z ##[endgroup]
2026-01-18T15:04:18.2199931Z [command]/usr/bin/git sparse-checkout disable
2026-01-18T15:04:18.2243517Z [command]/usr/bin/git config --local --unset-all extensions.worktreeConfig
2026-01-18T15:04:18.2269126Z ##[group]Checking out the ref
2026-01-18T15:04:18.2272822Z [command]/usr/bin/git checkout --progress --force -B main refs/remotes/origin/main
2026-01-18T15:04:19.6018328Z Updating files:  83% (2611/3131)
2026-01-18T15:04:19.7896709Z Updating files:  84% (2631/3131)
2026-01-18T15:04:19.9037604Z Updating files:  85% (2662/3131)
2026-01-18T15:04:19.9075955Z Updating files:  86% (2693/3131)
2026-01-18T15:04:20.1084400Z Updating files:  87% (2724/3131)
2026-01-18T15:04:20.1113191Z Updating files:  88% (2756/3131)
2026-01-18T15:04:20.2455036Z Updating files:  89% (2787/3131)
2026-01-18T15:04:20.3378413Z Updating files:  89% (2808/3131)
2026-01-18T15:04:20.8935717Z Updating files:  90% (2818/3131)
2026-01-18T15:04:21.1109653Z Updating files:  91% (2850/3131)
2026-01-18T15:04:21.2801734Z Updating files:  92% (2881/3131)
2026-01-18T15:04:21.5024732Z Updating files:  92% (2897/3131)
2026-01-18T15:04:21.5089754Z Updating files:  93% (2912/3131)
2026-01-18T15:04:21.8686360Z Updating files:  94% (2944/3131)
2026-01-18T15:04:22.2628946Z Updating files:  95% (2975/3131)
2026-01-18T15:04:22.4626632Z Updating files:  95% (2998/3131)
2026-01-18T15:04:23.1917953Z Updating files:  96% (3006/3131)
2026-01-18T15:04:23.2407317Z Updating files:  97% (3038/3131)
2026-01-18T15:04:23.6561757Z Updating files:  97% (3039/3131)
2026-01-18T15:04:24.1647729Z Updating files:  98% (3069/3131)
2026-01-18T15:04:24.2828228Z Updating files:  99% (3100/3131)
2026-01-18T15:04:24.5431288Z Updating files:  99% (3105/3131)
2026-01-18T15:04:24.5431831Z Updating files: 100% (3131/3131)
2026-01-18T15:04:24.5577138Z Updating files: 100% (3131/3131), done.
2026-01-18T15:04:24.5577699Z Switched to a new branch 'main'
2026-01-18T15:04:24.5581671Z branch 'main' set up to track 'origin/main'.
2026-01-18T15:04:24.5733370Z ##[endgroup]
2026-01-18T15:04:24.5771747Z [command]/usr/bin/git log -1 --format=%H
2026-01-18T15:04:24.5795053Z 00b8cc688c53033c21e0ea3e480f8501e47d0fa7
2026-01-18T15:04:24.6022964Z ##[group]Run actions/setup-python@v6.1.0
2026-01-18T15:04:24.6023261Z with:
2026-01-18T15:04:24.6023446Z   python-version: 3.13
2026-01-18T15:04:24.6023659Z   check-latest: false
2026-01-18T15:04:24.6023975Z   token: ***
2026-01-18T15:04:24.6024168Z   update-environment: true
2026-01-18T15:04:24.6024405Z   allow-prereleases: false
2026-01-18T15:04:24.6024609Z   freethreaded: false
2026-01-18T15:04:24.6024804Z ##[endgroup]
2026-01-18T15:04:24.7280144Z ##[group]Installed versions
2026-01-18T15:04:24.7751715Z (node:2124) [DEP0040] DeprecationWarning: The `punycode` module is deprecated. Please use a userland alternative instead.
2026-01-18T15:04:24.7752477Z (Use `node --trace-deprecation ...` to show where the warning was created)
2026-01-18T15:04:24.7753088Z Successfully set up CPython (3.13.11)
2026-01-18T15:04:24.7753761Z ##[endgroup]
2026-01-18T15:04:24.7881885Z ##[group]Run pip install -r requirements.txt
2026-01-18T15:04:24.7882297Z [36;1mpip install -r requirements.txt[0m
2026-01-18T15:04:24.7932644Z shell: /usr/bin/bash -e {0}
2026-01-18T15:04:24.7932889Z env:
2026-01-18T15:04:24.7933137Z   pythonLocation: /opt/hostedtoolcache/Python/3.13.11/x64
2026-01-18T15:04:24.7933577Z   PKG_CONFIG_PATH: /opt/hostedtoolcache/Python/3.13.11/x64/lib/pkgconfig
2026-01-18T15:04:24.7934013Z   Python_ROOT_DIR: /opt/hostedtoolcache/Python/3.13.11/x64
2026-01-18T15:04:24.7934368Z   Python2_ROOT_DIR: /opt/hostedtoolcache/Python/3.13.11/x64
2026-01-18T15:04:24.7934715Z   Python3_ROOT_DIR: /opt/hostedtoolcache/Python/3.13.11/x64
2026-01-18T15:04:24.7935074Z   LD_LIBRARY_PATH: /opt/hostedtoolcache/Python/3.13.11/x64/lib
2026-01-18T15:04:24.7935382Z ##[endgroup]
2026-01-18T15:04:27.2859778Z Collecting scratchattach>=2.1.15b0 (from -r requirements.txt (line 1))
2026-01-18T15:04:27.3668291Z   Downloading scratchattach-2.1.15b0-py3-none-any.whl.metadata (5.7 kB)
2026-01-18T15:04:27.3987454Z Collecting websocket-client (from scratchattach>=2.1.15b0->-r requirements.txt (line 1))
2026-01-18T15:04:27.4101173Z   Downloading websocket_client-1.9.0-py3-none-any.whl.metadata (8.3 kB)
2026-01-18T15:04:27.4512712Z Collecting requests (from scratchattach>=2.1.15b0->-r requirements.txt (line 1))
2026-01-18T15:04:27.4625674Z   Downloading requests-2.32.5-py3-none-any.whl.metadata (4.9 kB)
2026-01-18T15:04:27.4812434Z Collecting bs4 (from scratchattach>=2.1.15b0->-r requirements.txt (line 1))
2026-01-18T15:04:27.4986433Z   Downloading bs4-0.0.2-py2.py3-none-any.whl.metadata (411 bytes)
2026-01-18T15:04:27.5107580Z Collecting SimpleWebSocketServer (from scratchattach>=2.1.15b0->-r requirements.txt (line 1))
2026-01-18T15:04:27.5223551Z   Downloading SimpleWebSocketServer-0.1.2.tar.gz (10 kB)
2026-01-18T15:04:27.5317825Z   Installing build dependencies: started
2026-01-18T15:04:28.9599904Z   Installing build dependencies: finished with status 'done'
2026-01-18T15:04:28.9607029Z   Getting requirements to build wheel: started
2026-01-18T15:04:29.3614540Z   Getting requirements to build wheel: finished with status 'done'
2026-01-18T15:04:29.3623377Z   Preparing metadata (pyproject.toml): started
2026-01-18T15:04:29.5579946Z   Preparing metadata (pyproject.toml): finished with status 'done'
2026-01-18T15:04:29.5837967Z Collecting typing-extensions (from scratchattach>=2.1.15b0->-r requirements.txt (line 1))
2026-01-18T15:04:29.5953640Z   Downloading typing_extensions-4.15.0-py3-none-any.whl.metadata (3.3 kB)
2026-01-18T15:04:30.4580267Z Collecting browser_cookie3 (from scratchattach>=2.1.15b0->-r requirements.txt (line 1))
2026-01-18T15:04:30.4704118Z   Downloading browser_cookie3-0.20.1-py3-none-any.whl.metadata (713 bytes)
2026-01-18T15:04:31.7510611Z Collecting lz4 (from browser_cookie3->scratchattach>=2.1.15b0->-r requirements.txt (line 1))
2026-01-18T15:04:31.7633437Z   Downloading lz4-4.4.5-cp313-cp313-manylinux2014_x86_64.manylinux_2_17_x86_64.manylinux_2_28_x86_64.whl.metadata (3.8 kB)
2026-01-18T15:04:31.8632460Z Collecting pycryptodomex (from browser_cookie3->scratchattach>=2.1.15b0->-r requirements.txt (line 1))
2026-01-18T15:04:31.8754937Z   Downloading pycryptodomex-3.23.0-cp37-abi3-manylinux_2_17_x86_64.manylinux2014_x86_64.whl.metadata (3.4 kB)
2026-01-18T15:04:31.8942448Z Collecting jeepney (from browser_cookie3->scratchattach>=2.1.15b0->-r requirements.txt (line 1))
2026-01-18T15:04:31.9057694Z   Downloading jeepney-0.9.0-py3-none-any.whl.metadata (1.2 kB)
2026-01-18T15:04:31.9315885Z Collecting beautifulsoup4 (from bs4->scratchattach>=2.1.15b0->-r requirements.txt (line 1))
2026-01-18T15:04:31.9429817Z   Downloading beautifulsoup4-4.14.3-py3-none-any.whl.metadata (3.8 kB)
2026-01-18T15:04:31.9698102Z Collecting soupsieve>=1.6.1 (from beautifulsoup4->bs4->scratchattach>=2.1.15b0->-r requirements.txt (line 1))
2026-01-18T15:04:31.9814507Z   Downloading soupsieve-2.8.1-py3-none-any.whl.metadata (4.6 kB)
2026-01-18T15:04:32.0948509Z Collecting charset_normalizer<4,>=2 (from requests->scratchattach>=2.1.15b0->-r requirements.txt (line 1))
2026-01-18T15:04:32.1063806Z   Downloading charset_normalizer-3.4.4-cp313-cp313-manylinux2014_x86_64.manylinux_2_17_x86_64.manylinux_2_28_x86_64.whl.metadata (37 kB)
2026-01-18T15:04:32.1352077Z Collecting idna<4,>=2.5 (from requests->scratchattach>=2.1.15b0->-r requirements.txt (line 1))
2026-01-18T15:04:32.1466808Z   Downloading idna-3.11-py3-none-any.whl.metadata (8.4 kB)
2026-01-18T15:04:32.1840746Z Collecting urllib3<3,>=1.21.1 (from requests->scratchattach>=2.1.15b0->-r requirements.txt (line 1))
2026-01-18T15:04:32.1958208Z   Downloading urllib3-2.6.3-py3-none-any.whl.metadata (6.9 kB)
2026-01-18T15:04:32.2262054Z Collecting certifi>=2017.4.17 (from requests->scratchattach>=2.1.15b0->-r requirements.txt (line 1))
2026-01-18T15:04:32.2386995Z   Downloading certifi-2026.1.4-py3-none-any.whl.metadata (2.5 kB)
2026-01-18T15:04:32.3203145Z Downloading scratchattach-2.1.15b0-py3-none-any.whl (145 kB)
2026-01-18T15:04:32.3459796Z Downloading browser_cookie3-0.20.1-py3-none-any.whl (17 kB)
2026-01-18T15:04:32.3597398Z Downloading bs4-0.0.2-py2.py3-none-any.whl (1.2 kB)
2026-01-18T15:04:32.3731619Z Downloading beautifulsoup4-4.14.3-py3-none-any.whl (107 kB)
2026-01-18T15:04:32.3882563Z Downloading soupsieve-2.8.1-py3-none-any.whl (36 kB)
2026-01-18T15:04:32.4021698Z Downloading typing_extensions-4.15.0-py3-none-any.whl (44 kB)
2026-01-18T15:04:32.4170997Z Downloading jeepney-0.9.0-py3-none-any.whl (49 kB)
2026-01-18T15:04:32.4320212Z Downloading lz4-4.4.5-cp313-cp313-manylinux2014_x86_64.manylinux_2_17_x86_64.manylinux_2_28_x86_64.whl (1.4 MB)
2026-01-18T15:04:32.4611044Z    ━━━━━━━━━━━━━━━━━━━━━━━━━━━━━━━━━━━━━━━━ 1.4/1.4 MB 61.3 MB/s  0:00:00
2026-01-18T15:04:32.4751568Z Downloading pycryptodomex-3.23.0-cp37-abi3-manylinux_2_17_x86_64.manylinux2014_x86_64.whl (2.3 MB)
2026-01-18T15:04:32.4934249Z    ━━━━━━━━━━━━━━━━━━━━━━━━━━━━━━━━━━━━━━━━ 2.3/2.3 MB 132.9 MB/s  0:00:00
2026-01-18T15:04:32.5048305Z Downloading requests-2.32.5-py3-none-any.whl (64 kB)
2026-01-18T15:04:32.5190706Z Downloading charset_normalizer-3.4.4-cp313-cp313-manylinux2014_x86_64.manylinux_2_17_x86_64.manylinux_2_28_x86_64.whl (153 kB)
2026-01-18T15:04:32.5338518Z Downloading idna-3.11-py3-none-any.whl (71 kB)
2026-01-18T15:04:32.5481234Z Downloading urllib3-2.6.3-py3-none-any.whl (131 kB)
2026-01-18T15:04:32.5630497Z Downloading certifi-2026.1.4-py3-none-any.whl (152 kB)
2026-01-18T15:04:32.5777323Z Downloading websocket_client-1.9.0-py3-none-any.whl (82 kB)
2026-01-18T15:04:32.5993143Z Building wheels for collected packages: SimpleWebSocketServer
2026-01-18T15:04:32.6000932Z   Building wheel for SimpleWebSocketServer (pyproject.toml): started
2026-01-18T15:04:32.8251452Z   Building wheel for SimpleWebSocketServer (pyproject.toml): finished with status 'done'
2026-01-18T15:04:32.8257633Z   Created wheel for SimpleWebSocketServer: filename=simplewebsocketserver-0.1.2-py3-none-any.whl size=9715 sha256=148e26619ffdf782eb97f80c8ff531156a3673b117ac9679c099c1847e98a65f
2026-01-18T15:04:32.8259267Z   Stored in directory: /home/runner/.cache/pip/wheels/c4/5b/e8/4f2c15a82edc4923058056f6681373168be02a0c00389a6dcf
2026-01-18T15:04:32.8277693Z Successfully built SimpleWebSocketServer
2026-01-18T15:04:32.8518131Z Installing collected packages: SimpleWebSocketServer, websocket-client, urllib3, typing-extensions, soupsieve, pycryptodomex, lz4, jeepney, idna, charset_normalizer, certifi, requests, browser_cookie3, beautifulsoup4, bs4, scratchattach
2026-01-18T15:04:33.9522690Z 
2026-01-18T15:04:33.9548930Z Successfully installed SimpleWebSocketServer-0.1.2 beautifulsoup4-4.14.3 browser_cookie3-0.20.1 bs4-0.0.2 certifi-2026.1.4 charset_normalizer-3.4.4 idna-3.11 jeepney-0.9.0 lz4-4.4.5 pycryptodomex-3.23.0 requests-2.32.5 scratchattach-2.1.15b0 soupsieve-2.8.1 typing-extensions-4.15.0 urllib3-2.6.3 websocket-client-1.9.0
2026-01-18T15:04:34.1712095Z ##[group]Run actions/checkout@v6.0.1
2026-01-18T15:04:34.1712351Z with:
2026-01-18T15:04:34.1712512Z   ref: main
2026-01-18T15:04:34.1712708Z   repository: Boss-1s/scratchattach
2026-01-18T15:04:34.1713052Z   token: ***
2026-01-18T15:04:34.1713227Z   ssh-strict: true
2026-01-18T15:04:34.1713402Z   ssh-user: git
2026-01-18T15:04:34.1713582Z   persist-credentials: true
2026-01-18T15:04:34.1713788Z   clean: true
2026-01-18T15:04:34.1713975Z   sparse-checkout-cone-mode: true
2026-01-18T15:04:34.1714203Z   fetch-depth: 1
2026-01-18T15:04:34.1714375Z   fetch-tags: false
2026-01-18T15:04:34.1714551Z   show-progress: true
2026-01-18T15:04:34.1714731Z   lfs: false
2026-01-18T15:04:34.1714892Z   submodules: false
2026-01-18T15:04:34.1715073Z   set-safe-directory: true
2026-01-18T15:04:34.1715276Z env:
2026-01-18T15:04:34.1715497Z   pythonLocation: /opt/hostedtoolcache/Python/3.13.11/x64
2026-01-18T15:04:34.1715899Z   PKG_CONFIG_PATH: /opt/hostedtoolcache/Python/3.13.11/x64/lib/pkgconfig
2026-01-18T15:04:34.1716531Z   Python_ROOT_DIR: /opt/hostedtoolcache/Python/3.13.11/x64
2026-01-18T15:04:34.1716877Z   Python2_ROOT_DIR: /opt/hostedtoolcache/Python/3.13.11/x64
2026-01-18T15:04:34.1717411Z   Python3_ROOT_DIR: /opt/hostedtoolcache/Python/3.13.11/x64
2026-01-18T15:04:34.1717765Z   LD_LIBRARY_PATH: /opt/hostedtoolcache/Python/3.13.11/x64/lib
2026-01-18T15:04:34.1718051Z ##[endgroup]
2026-01-18T15:04:34.2463382Z Syncing repository: Boss-1s/scratchattach
2026-01-18T15:04:34.2464385Z ##[group]Getting Git version info
2026-01-18T15:04:34.2465083Z Working directory is '/home/runner/work/scratchattach/scratchattach'
2026-01-18T15:04:34.2499998Z [command]/usr/bin/git version
2026-01-18T15:04:34.2533843Z git version 2.52.0
2026-01-18T15:04:34.2554388Z ##[endgroup]
2026-01-18T15:04:34.2567187Z Temporarily overriding HOME='/home/runner/work/_temp/aa081106-84b6-42eb-87ea-55e2c6c5a82c' before making global git config changes
2026-01-18T15:04:34.2568573Z Adding repository directory to the temporary git global config as a safe directory
2026-01-18T15:04:34.2571821Z [command]/usr/bin/git config --global --add safe.directory /home/runner/work/scratchattach/scratchattach
2026-01-18T15:04:34.2608200Z [command]/usr/bin/git config --local --get remote.origin.url
2026-01-18T15:04:34.2628730Z https://github.com/Boss-1s/scratchattach
2026-01-18T15:04:34.2641422Z ##[group]Removing previously created refs, to avoid conflicts
2026-01-18T15:04:34.2645094Z [command]/usr/bin/git rev-parse --symbolic-full-name --verify --quiet HEAD
2026-01-18T15:04:34.2666249Z refs/heads/main
2026-01-18T15:04:34.2675686Z [command]/usr/bin/git checkout --detach
2026-01-18T15:04:34.7789748Z HEAD is now at 00b8cc6 [BOT] Download Logs
2026-01-18T15:04:34.7840576Z [command]/usr/bin/git branch --delete --force main
2026-01-18T15:04:34.7867273Z Deleted branch main (was 00b8cc6).
2026-01-18T15:04:34.7905479Z ##[endgroup]
2026-01-18T15:04:34.7910692Z [command]/usr/bin/git submodule status
2026-01-18T15:04:34.8158941Z ##[group]Cleaning the repository
2026-01-18T15:04:34.8162719Z [command]/usr/bin/git clean -ffdx
2026-01-18T15:04:34.8218958Z [command]/usr/bin/git reset --hard HEAD
2026-01-18T15:04:34.8332610Z HEAD is now at 00b8cc6 [BOT] Download Logs
2026-01-18T15:04:34.8339855Z ##[endgroup]
2026-01-18T15:04:34.8341279Z ##[group]Disabling automatic garbage collection
2026-01-18T15:04:34.8347031Z [command]/usr/bin/git config --local gc.auto 0
2026-01-18T15:04:34.8376980Z ##[endgroup]
2026-01-18T15:04:34.8377545Z ##[group]Setting up auth
2026-01-18T15:04:34.8379399Z Removing SSH command configuration
2026-01-18T15:04:34.8385056Z [command]/usr/bin/git config --local --name-only --get-regexp core\.sshCommand
2026-01-18T15:04:34.8416953Z [command]/usr/bin/git submodule foreach --recursive sh -c "git config --local --name-only --get-regexp 'core\.sshCommand' && git config --local --unset-all 'core.sshCommand' || :"
2026-01-18T15:04:34.8655905Z Removing HTTP extra header
2026-01-18T15:04:34.8660530Z [command]/usr/bin/git config --local --name-only --get-regexp http\.https\:\/\/github\.com\/\.extraheader
2026-01-18T15:04:34.8689645Z [command]/usr/bin/git submodule foreach --recursive sh -c "git config --local --name-only --get-regexp 'http\.https\:\/\/github\.com\/\.extraheader' && git config --local --unset-all 'http.https://github.com/.extraheader' || :"
2026-01-18T15:04:34.8908156Z Removing includeIf entries pointing to credentials config files
2026-01-18T15:04:34.8913917Z [command]/usr/bin/git config --local --name-only --get-regexp ^includeIf\.gitdir:
2026-01-18T15:04:34.8968915Z includeif.gitdir:/home/runner/work/scratchattach/scratchattach/.git.path
2026-01-18T15:04:34.8970111Z includeif.gitdir:/home/runner/work/scratchattach/scratchattach/.git/worktrees/*.path
2026-01-18T15:04:34.8970992Z includeif.gitdir:/github/workspace/.git.path
2026-01-18T15:04:34.8971651Z includeif.gitdir:/github/workspace/.git/worktrees/*.path
2026-01-18T15:04:34.8978319Z [command]/usr/bin/git config --local --get-all includeif.gitdir:/home/runner/work/scratchattach/scratchattach/.git.path
2026-01-18T15:04:34.8998373Z /home/runner/work/_temp/git-credentials-40835795-d55b-4053-a54d-68e5d99b8317.config
2026-01-18T15:04:34.9008865Z [command]/usr/bin/git config --local --unset includeif.gitdir:/home/runner/work/scratchattach/scratchattach/.git.path /home/runner/work/_temp/git-credentials-40835795-d55b-4053-a54d-68e5d99b8317.config
2026-01-18T15:04:34.9040011Z [command]/usr/bin/git config --local --get-all includeif.gitdir:/home/runner/work/scratchattach/scratchattach/.git/worktrees/*.path
2026-01-18T15:04:34.9060212Z /home/runner/work/_temp/git-credentials-40835795-d55b-4053-a54d-68e5d99b8317.config
2026-01-18T15:04:34.9069400Z [command]/usr/bin/git config --local --unset includeif.gitdir:/home/runner/work/scratchattach/scratchattach/.git/worktrees/*.path /home/runner/work/_temp/git-credentials-40835795-d55b-4053-a54d-68e5d99b8317.config
2026-01-18T15:04:34.9099869Z [command]/usr/bin/git config --local --get-all includeif.gitdir:/github/workspace/.git.path
2026-01-18T15:04:34.9119906Z /github/runner_temp/git-credentials-40835795-d55b-4053-a54d-68e5d99b8317.config
2026-01-18T15:04:34.9127157Z [command]/usr/bin/git config --local --unset includeif.gitdir:/github/workspace/.git.path /github/runner_temp/git-credentials-40835795-d55b-4053-a54d-68e5d99b8317.config
2026-01-18T15:04:34.9157012Z [command]/usr/bin/git config --local --get-all includeif.gitdir:/github/workspace/.git/worktrees/*.path
2026-01-18T15:04:34.9177369Z /github/runner_temp/git-credentials-40835795-d55b-4053-a54d-68e5d99b8317.config
2026-01-18T15:04:34.9187304Z [command]/usr/bin/git config --local --unset includeif.gitdir:/github/workspace/.git/worktrees/*.path /github/runner_temp/git-credentials-40835795-d55b-4053-a54d-68e5d99b8317.config
2026-01-18T15:04:34.9221255Z [command]/usr/bin/git submodule foreach --recursive git config --local --show-origin --name-only --get-regexp remote.origin.url
2026-01-18T15:04:34.9439660Z Removing credentials config '/home/runner/work/_temp/git-credentials-40835795-d55b-4053-a54d-68e5d99b8317.config'
2026-01-18T15:04:34.9453513Z [command]/usr/bin/git config --file /home/runner/work/_temp/git-credentials-6e67707f-acaa-4ace-8fee-bb3b2af5c822.config http.https://github.com/.extraheader AUTHORIZATION: basic ***
2026-01-18T15:04:34.9488915Z [command]/usr/bin/git config --local includeIf.gitdir:/home/runner/work/scratchattach/scratchattach/.git.path /home/runner/work/_temp/git-credentials-6e67707f-acaa-4ace-8fee-bb3b2af5c822.config
2026-01-18T15:04:34.9518081Z [command]/usr/bin/git config --local includeIf.gitdir:/home/runner/work/scratchattach/scratchattach/.git/worktrees/*.path /home/runner/work/_temp/git-credentials-6e67707f-acaa-4ace-8fee-bb3b2af5c822.config
2026-01-18T15:04:34.9547377Z [command]/usr/bin/git config --local includeIf.gitdir:/github/workspace/.git.path /github/runner_temp/git-credentials-6e67707f-acaa-4ace-8fee-bb3b2af5c822.config
2026-01-18T15:04:34.9576568Z [command]/usr/bin/git config --local includeIf.gitdir:/github/workspace/.git/worktrees/*.path /github/runner_temp/git-credentials-6e67707f-acaa-4ace-8fee-bb3b2af5c822.config
2026-01-18T15:04:34.9602224Z ##[endgroup]
2026-01-18T15:04:34.9602828Z ##[group]Fetching the repository
2026-01-18T15:04:34.9611900Z [command]/usr/bin/git -c protocol.version=2 fetch --no-tags --prune --no-recurse-submodules --depth=1 origin +refs/heads/main*:refs/remotes/origin/main* +refs/tags/main*:refs/tags/main*
2026-01-18T15:04:35.4107794Z ##[endgroup]
2026-01-18T15:04:35.4108149Z ##[group]Determining the checkout info
2026-01-18T15:04:35.4115554Z [command]/usr/bin/git branch --list --remote origin/main
2026-01-18T15:04:35.4140987Z   origin/main
2026-01-18T15:04:35.4144730Z ##[endgroup]
2026-01-18T15:04:35.4150322Z [command]/usr/bin/git sparse-checkout disable
2026-01-18T15:04:35.4214518Z [command]/usr/bin/git config --local --unset-all extensions.worktreeConfig
2026-01-18T15:04:35.4246851Z ##[group]Checking out the ref
2026-01-18T15:04:35.4250818Z [command]/usr/bin/git checkout --progress --force -B main refs/remotes/origin/main
2026-01-18T15:04:35.4330731Z Switched to a new branch 'main'
2026-01-18T15:04:35.4333148Z branch 'main' set up to track 'origin/main'.
2026-01-18T15:04:35.4338998Z ##[endgroup]
2026-01-18T15:04:35.4374833Z [command]/usr/bin/git log -1 --format=%H
2026-01-18T15:04:35.4397932Z 00b8cc688c53033c21e0ea3e480f8501e47d0fa7
2026-01-18T15:04:35.4510053Z ##[group]Run python3 aesthetic_prioritizing.py
2026-01-18T15:04:35.4510398Z [36;1mpython3 aesthetic_prioritizing.py[0m
2026-01-18T15:04:35.4543759Z shell: /usr/bin/bash -e {0}
2026-01-18T15:04:35.4543973Z env:
2026-01-18T15:04:35.4544212Z   pythonLocation: /opt/hostedtoolcache/Python/3.13.11/x64
2026-01-18T15:04:35.4544622Z   PKG_CONFIG_PATH: /opt/hostedtoolcache/Python/3.13.11/x64/lib/pkgconfig
2026-01-18T15:04:35.4545010Z   Python_ROOT_DIR: /opt/hostedtoolcache/Python/3.13.11/x64
2026-01-18T15:04:35.4545357Z   Python2_ROOT_DIR: /opt/hostedtoolcache/Python/3.13.11/x64
2026-01-18T15:04:35.4545711Z   Python3_ROOT_DIR: /opt/hostedtoolcache/Python/3.13.11/x64
2026-01-18T15:04:35.4546235Z   LD_LIBRARY_PATH: /opt/hostedtoolcache/Python/3.13.11/x64/lib
2026-01-18T15:04:35.4546658Z   PASS: ***
2026-01-18T15:04:35.4546829Z ##[endgroup]
2026-01-18T15:04:36.5162999Z Prioritizing: Attempt 1
2026-01-18T15:04:36.8517165Z Process failed, retying. Error: The user corresponding to the connected login / session is not allowed to perform this action. Request content: b{"code":"Forbidden","message":""}
2026-01-18T15:04:36.8672610Z Prioritizing: Attempt 2
2026-01-18T15:04:37.0393175Z Process failed, retying. Error: The user corresponding to the connected login / session is not allowed to perform this action. Request content: b{"code":"Forbidden","message":""}
2026-01-18T15:04:37.0541906Z Prioritizing: Attempt 3
2026-01-18T15:04:37.2304936Z Process failed, retying. Error: The user corresponding to the connected login / session is not allowed to perform this action. Request content: b{"code":"Forbidden","message":""}
2026-01-18T15:04:37.2454637Z Prioritizing: Attempt 4
2026-01-18T15:04:37.4257065Z Process failed, retying. Error: The user corresponding to the connected login / session is not allowed to perform this action. Request content: b{"code":"Forbidden","message":""}
2026-01-18T15:04:37.4403863Z Prioritizing: Attempt 5
2026-01-18T15:04:37.6082569Z Process failed, retying. Error: The user corresponding to the connected login / session is not allowed to perform this action. Request content: b{"code":"Forbidden","message":""}
2026-01-18T15:04:37.6229949Z Prioritizing: Attempt 6
2026-01-18T15:04:37.6236208Z Prioritized projects in your favorite list.
2026-01-18T15:04:37.6249757Z Traceback (most recent call last):
2026-01-18T15:04:37.6312437Z   File "/home/runner/work/scratchattach/scratchattach/aesthetic_prioritizing.py", line 72, in prioritize
2026-01-18T15:04:37.6313479Z     project.unfavorite()
2026-01-18T15:04:37.6313868Z     ~~~~~~~~~~~~~~~~~~^^
2026-01-18T15:04:37.6314931Z   File "/opt/hostedtoolcache/Python/3.13.11/x64/lib/python3.13/site-packages/scratchattach/site/project.py", line 463, in unfavorite
2026-01-18T15:04:37.6316353Z     r = requests.delete(
2026-01-18T15:04:37.6316753Z         ~~~~~~~~~~~~~~~^
2026-01-18T15:04:37.6317546Z         f"https://api.scratch.mit.edu/proxy/projects/{self.id}/favorites/user/{self._session._username}",
2026-01-18T15:04:37.6318598Z         ^^^^^^^^^^^^^^^^^^^^^^^^^^^^^^^^^^^^^^^^^^^^^^^^^^^^^^^^^^^^^^^^^^^^^^^^^^^^^^^^^^^^^^^^^^^^^^^^^
2026-01-18T15:04:37.6319222Z         headers=self._headers,
2026-01-18T15:04:37.6319609Z         ^^^^^^^^^^^^^^^^^^^^^^
2026-01-18T15:04:37.6320001Z         cookies=self._cookies,
2026-01-18T15:04:37.6320370Z         ^^^^^^^^^^^^^^^^^^^^^^
2026-01-18T15:04:37.6320732Z     ).json()
2026-01-18T15:04:37.6321023Z     ^
2026-01-18T15:04:37.6321970Z   File "/opt/hostedtoolcache/Python/3.13.11/x64/lib/python3.13/site-packages/scratchattach/utils/requests.py", line 61, in delete
2026-01-18T15:04:37.6323074Z     self.check_response(r)
2026-01-18T15:04:37.6323462Z     ~~~~~~~~~~~~~~~~~~~^^^
2026-01-18T15:04:37.6324588Z   File "/opt/hostedtoolcache/Python/3.13.11/x64/lib/python3.13/site-packages/scratchattach/utils/requests.py", line 23, in check_response
2026-01-18T15:04:37.6326183Z     raise exceptions.Unauthorized(f"Request content: {r.content!r}")
2026-01-18T15:04:37.6328617Z scratchattach.utils.exceptions.Unauthorized: The user corresponding to the connected login / session is not allowed to perform this action. Request content: b'{"code":"Forbidden","message":""}'
2026-01-18T15:04:37.6330041Z 
2026-01-18T15:04:37.6330395Z During handling of the above exception, another exception occurred:
2026-01-18T15:04:37.6330917Z 
2026-01-18T15:04:37.6331084Z Traceback (most recent call last):
2026-01-18T15:04:37.6332071Z   File "/home/runner/work/scratchattach/scratchattach/aesthetic_prioritizing.py", line 72, in prioritize
2026-01-18T15:04:37.6333048Z     project.unfavorite()
2026-01-18T15:04:37.6333419Z     ~~~~~~~~~~~~~~~~~~^^
2026-01-18T15:04:37.6334476Z   File "/opt/hostedtoolcache/Python/3.13.11/x64/lib/python3.13/site-packages/scratchattach/site/project.py", line 463, in unfavorite
2026-01-18T15:04:37.6335589Z     r = requests.delete(
2026-01-18T15:04:37.6335947Z         ~~~~~~~~~~~~~~~^
2026-01-18T15:04:37.6336907Z         f"https://api.scratch.mit.edu/proxy/projects/{self.id}/favorites/user/{self._session._username}",
2026-01-18T15:04:37.6337934Z         ^^^^^^^^^^^^^^^^^^^^^^^^^^^^^^^^^^^^^^^^^^^^^^^^^^^^^^^^^^^^^^^^^^^^^^^^^^^^^^^^^^^^^^^^^^^^^^^^^
2026-01-18T15:04:37.6338534Z         headers=self._headers,
2026-01-18T15:04:37.6338924Z         ^^^^^^^^^^^^^^^^^^^^^^
2026-01-18T15:04:37.6339313Z         cookies=self._cookies,
2026-01-18T15:04:37.6339691Z         ^^^^^^^^^^^^^^^^^^^^^^
2026-01-18T15:04:37.6340054Z     ).json()
2026-01-18T15:04:37.6340334Z     ^
2026-01-18T15:04:37.6341315Z   File "/opt/hostedtoolcache/Python/3.13.11/x64/lib/python3.13/site-packages/scratchattach/utils/requests.py", line 61, in delete
2026-01-18T15:04:37.6342330Z     self.check_response(r)
2026-01-18T15:04:37.6342681Z     ~~~~~~~~~~~~~~~~~~~^^^
2026-01-18T15:04:37.6343645Z   File "/opt/hostedtoolcache/Python/3.13.11/x64/lib/python3.13/site-packages/scratchattach/utils/requests.py", line 23, in check_response
2026-01-18T15:04:37.6344946Z     raise exceptions.Unauthorized(f"Request content: {r.content!r}")
2026-01-18T15:04:37.6346564Z scratchattach.utils.exceptions.Unauthorized: The user corresponding to the connected login / session is not allowed to perform this action. Request content: b'{"code":"Forbidden","message":""}'
2026-01-18T15:04:37.6347722Z 
2026-01-18T15:04:37.6347998Z During handling of the above exception, another exception occurred:
2026-01-18T15:04:37.6348411Z 
2026-01-18T15:04:37.6348544Z Traceback (most recent call last):
2026-01-18T15:04:37.6349390Z   File "/home/runner/work/scratchattach/scratchattach/aesthetic_prioritizing.py", line 72, in prioritize
2026-01-18T15:04:37.6350199Z     project.unfavorite()
2026-01-18T15:04:37.6350511Z     ~~~~~~~~~~~~~~~~~~^^
2026-01-18T15:04:37.6351372Z   File "/opt/hostedtoolcache/Python/3.13.11/x64/lib/python3.13/site-packages/scratchattach/site/project.py", line 463, in unfavorite
2026-01-18T15:04:37.6352305Z     r = requests.delete(
2026-01-18T15:04:37.6352610Z         ~~~~~~~~~~~~~~~^
2026-01-18T15:04:37.6353283Z         f"https://api.scratch.mit.edu/proxy/projects/{self.id}/favorites/user/{self._session._username}",
2026-01-18T15:04:37.6354181Z         ^^^^^^^^^^^^^^^^^^^^^^^^^^^^^^^^^^^^^^^^^^^^^^^^^^^^^^^^^^^^^^^^^^^^^^^^^^^^^^^^^^^^^^^^^^^^^^^^^
2026-01-18T15:04:37.6354744Z         headers=self._headers,
2026-01-18T15:04:37.6355091Z         ^^^^^^^^^^^^^^^^^^^^^^
2026-01-18T15:04:37.6355419Z         cookies=self._cookies,
2026-01-18T15:04:37.6355718Z         ^^^^^^^^^^^^^^^^^^^^^^
2026-01-18T15:04:37.6356235Z     ).json()
2026-01-18T15:04:37.6356485Z     ^
2026-01-18T15:04:37.6357329Z   File "/opt/hostedtoolcache/Python/3.13.11/x64/lib/python3.13/site-packages/scratchattach/utils/requests.py", line 61, in delete
2026-01-18T15:04:37.6358267Z     self.check_response(r)
2026-01-18T15:04:37.6358639Z     ~~~~~~~~~~~~~~~~~~~^^^
2026-01-18T15:04:37.6359509Z   File "/opt/hostedtoolcache/Python/3.13.11/x64/lib/python3.13/site-packages/scratchattach/utils/requests.py", line 23, in check_response
2026-01-18T15:04:37.6360903Z     raise exceptions.Unauthorized(f"Request content: {r.content!r}")
2026-01-18T15:04:37.6362518Z scratchattach.utils.exceptions.Unauthorized: The user corresponding to the connected login / session is not allowed to perform this action. Request content: b'{"code":"Forbidden","message":""}'
2026-01-18T15:04:37.6363661Z 
2026-01-18T15:04:37.6363922Z During handling of the above exception, another exception occurred:
2026-01-18T15:04:37.6364332Z 
2026-01-18T15:04:37.6364472Z Traceback (most recent call last):
2026-01-18T15:04:37.6365235Z   File "/home/runner/work/scratchattach/scratchattach/aesthetic_prioritizing.py", line 72, in prioritize
2026-01-18T15:04:37.6366186Z     project.unfavorite()
2026-01-18T15:04:37.6366495Z     ~~~~~~~~~~~~~~~~~~^^
2026-01-18T15:04:37.6367344Z   File "/opt/hostedtoolcache/Python/3.13.11/x64/lib/python3.13/site-packages/scratchattach/site/project.py", line 463, in unfavorite
2026-01-18T15:04:37.6368234Z     r = requests.delete(
2026-01-18T15:04:37.6368524Z         ~~~~~~~~~~~~~~~^
2026-01-18T15:04:37.6369157Z         f"https://api.scratch.mit.edu/proxy/projects/{self.id}/favorites/user/{self._session._username}",
2026-01-18T15:04:37.6370000Z         ^^^^^^^^^^^^^^^^^^^^^^^^^^^^^^^^^^^^^^^^^^^^^^^^^^^^^^^^^^^^^^^^^^^^^^^^^^^^^^^^^^^^^^^^^^^^^^^^^
2026-01-18T15:04:37.6370502Z         headers=self._headers,
2026-01-18T15:04:37.6370807Z         ^^^^^^^^^^^^^^^^^^^^^^
2026-01-18T15:04:37.6371113Z         cookies=self._cookies,
2026-01-18T15:04:37.6371438Z         ^^^^^^^^^^^^^^^^^^^^^^
2026-01-18T15:04:37.6371720Z     ).json()
2026-01-18T15:04:37.6371961Z     ^
2026-01-18T15:04:37.6372776Z   File "/opt/hostedtoolcache/Python/3.13.11/x64/lib/python3.13/site-packages/scratchattach/utils/requests.py", line 61, in delete
2026-01-18T15:04:37.6373698Z     self.check_response(r)
2026-01-18T15:04:37.6374037Z     ~~~~~~~~~~~~~~~~~~~^^^
2026-01-18T15:04:37.6374928Z   File "/opt/hostedtoolcache/Python/3.13.11/x64/lib/python3.13/site-packages/scratchattach/utils/requests.py", line 23, in check_response
2026-01-18T15:04:37.6376256Z     raise exceptions.Unauthorized(f"Request content: {r.content!r}")
2026-01-18T15:04:37.6377730Z scratchattach.utils.exceptions.Unauthorized: The user corresponding to the connected login / session is not allowed to perform this action. Request content: b'{"code":"Forbidden","message":""}'
2026-01-18T15:04:37.6378913Z 
2026-01-18T15:04:37.6379189Z During handling of the above exception, another exception occurred:
2026-01-18T15:04:37.6379618Z 
2026-01-18T15:04:37.6379763Z Traceback (most recent call last):
2026-01-18T15:04:37.6380555Z   File "/home/runner/work/scratchattach/scratchattach/aesthetic_prioritizing.py", line 72, in prioritize
2026-01-18T15:04:37.6381352Z     project.unfavorite()
2026-01-18T15:04:37.6381670Z     ~~~~~~~~~~~~~~~~~~^^
2026-01-18T15:04:37.6382536Z   File "/opt/hostedtoolcache/Python/3.13.11/x64/lib/python3.13/site-packages/scratchattach/site/project.py", line 463, in unfavorite
2026-01-18T15:04:37.6383476Z     r = requests.delete(
2026-01-18T15:04:37.6383782Z         ~~~~~~~~~~~~~~~^
2026-01-18T15:04:37.6384428Z         f"https://api.scratch.mit.edu/proxy/projects/{self.id}/favorites/user/{self._session._username}",
2026-01-18T15:04:37.6385255Z         ^^^^^^^^^^^^^^^^^^^^^^^^^^^^^^^^^^^^^^^^^^^^^^^^^^^^^^^^^^^^^^^^^^^^^^^^^^^^^^^^^^^^^^^^^^^^^^^^^
2026-01-18T15:04:37.6385760Z         headers=self._headers,
2026-01-18T15:04:37.6386222Z         ^^^^^^^^^^^^^^^^^^^^^^
2026-01-18T15:04:37.6386549Z         cookies=self._cookies,
2026-01-18T15:04:37.6386858Z         ^^^^^^^^^^^^^^^^^^^^^^
2026-01-18T15:04:37.6387152Z     ).json()
2026-01-18T15:04:37.6387391Z     ^
2026-01-18T15:04:37.6388168Z   File "/opt/hostedtoolcache/Python/3.13.11/x64/lib/python3.13/site-packages/scratchattach/utils/requests.py", line 61, in delete
2026-01-18T15:04:37.6389064Z     self.check_response(r)
2026-01-18T15:04:37.6389380Z     ~~~~~~~~~~~~~~~~~~~^^^
2026-01-18T15:04:37.6390281Z   File "/opt/hostedtoolcache/Python/3.13.11/x64/lib/python3.13/site-packages/scratchattach/utils/requests.py", line 23, in check_response
2026-01-18T15:04:37.6391806Z     raise exceptions.Unauthorized(f"Request content: {r.content!r}")
2026-01-18T15:04:37.6393274Z scratchattach.utils.exceptions.Unauthorized: The user corresponding to the connected login / session is not allowed to perform this action. Request content: b'{"code":"Forbidden","message":""}'
2026-01-18T15:04:37.6394439Z 
2026-01-18T15:04:37.6394715Z During handling of the above exception, another exception occurred:
2026-01-18T15:04:37.6395144Z 
2026-01-18T15:04:37.6395284Z Traceback (most recent call last):
2026-01-18T15:04:37.6396228Z   File "/home/runner/work/scratchattach/scratchattach/aesthetic_prioritizing.py", line 58, in prioritize
2026-01-18T15:04:37.6397385Z     raise ValueError("Process failed, and the maximum attempt value has been reached. Exiting.")
2026-01-18T15:04:37.6398299Z ValueError: Process failed, and the maximum attempt value has been reached. Exiting.
2026-01-18T15:04:37.6398857Z 
2026-01-18T15:04:37.6399140Z During handling of the above exception, another exception occurred:
2026-01-18T15:04:37.6399558Z 
2026-01-18T15:04:37.6399694Z Traceback (most recent call last):
2026-01-18T15:04:37.6400465Z   File "/home/runner/work/scratchattach/scratchattach/aesthetic_prioritizing.py", line 146, in <module>
2026-01-18T15:04:37.6401247Z     prioritize(atmp, max_atmp)
2026-01-18T15:04:37.6401580Z     ~~~~~~~~~~^^^^^^^^^^^^^^^^
2026-01-18T15:04:37.6402309Z   File "/home/runner/work/scratchattach/scratchattach/aesthetic_prioritizing.py", line 98, in prioritize
2026-01-18T15:04:37.6403101Z     prioritize(atmp, max_atmp)
2026-01-18T15:04:37.6403422Z     ~~~~~~~~~~^^^^^^^^^^^^^^^^
2026-01-18T15:04:37.6404147Z   File "/home/runner/work/scratchattach/scratchattach/aesthetic_prioritizing.py", line 98, in prioritize
2026-01-18T15:04:37.6404918Z     prioritize(atmp, max_atmp)
2026-01-18T15:04:37.6405236Z     ~~~~~~~~~~^^^^^^^^^^^^^^^^
2026-01-18T15:04:37.6405988Z   File "/home/runner/work/scratchattach/scratchattach/aesthetic_prioritizing.py", line 98, in prioritize
2026-01-18T15:04:37.6406972Z     prioritize(atmp, max_atmp)
2026-01-18T15:04:37.6407326Z     ~~~~~~~~~~^^^^^^^^^^^^^^^^
2026-01-18T15:04:37.6407704Z   [Previous line repeated 2 more times]
2026-01-18T15:04:37.6408555Z   File "/home/runner/work/scratchattach/scratchattach/aesthetic_prioritizing.py", line 87, in prioritize
2026-01-18T15:04:37.6409375Z     os.system("echo " + e)
2026-01-18T15:04:37.6409706Z               ~~~~~~~~^~~
2026-01-18T15:04:37.6410169Z TypeError: can only concatenate str (not "ValueError") to str
2026-01-18T15:04:37.6673730Z ##[error]Process completed with exit code 1.
2026-01-18T15:04:37.6752464Z Post job cleanup.
2026-01-18T15:04:37.7515522Z [command]/usr/bin/git version
2026-01-18T15:04:37.7555060Z git version 2.52.0
2026-01-18T15:04:37.7623881Z Temporarily overriding HOME='/home/runner/work/_temp/bb607a52-9c72-41f8-964a-7c35290a793d' before making global git config changes
2026-01-18T15:04:37.7625285Z Adding repository directory to the temporary git global config as a safe directory
2026-01-18T15:04:37.7629944Z [command]/usr/bin/git config --global --add safe.directory /home/runner/work/scratchattach/scratchattach
2026-01-18T15:04:37.7661329Z Removing SSH command configuration
2026-01-18T15:04:37.7667309Z [command]/usr/bin/git config --local --name-only --get-regexp core\.sshCommand
2026-01-18T15:04:37.7699482Z [command]/usr/bin/git submodule foreach --recursive sh -c "git config --local --name-only --get-regexp 'core\.sshCommand' && git config --local --unset-all 'core.sshCommand' || :"
2026-01-18T15:04:37.7922681Z Removing HTTP extra header
2026-01-18T15:04:37.7945572Z [command]/usr/bin/git config --local --name-only --get-regexp http\.https\:\/\/github\.com\/\.extraheader
2026-01-18T15:04:37.7960213Z [command]/usr/bin/git submodule foreach --recursive sh -c "git config --local --name-only --get-regexp 'http\.https\:\/\/github\.com\/\.extraheader' && git config --local --unset-all 'http.https://github.com/.extraheader' || :"
2026-01-18T15:04:37.8181733Z Removing includeIf entries pointing to credentials config files
2026-01-18T15:04:37.8188259Z [command]/usr/bin/git config --local --name-only --get-regexp ^includeIf\.gitdir:
2026-01-18T15:04:37.8211009Z includeif.gitdir:/home/runner/work/scratchattach/scratchattach/.git.path
2026-01-18T15:04:37.8211958Z includeif.gitdir:/home/runner/work/scratchattach/scratchattach/.git/worktrees/*.path
2026-01-18T15:04:37.8212425Z includeif.gitdir:/github/workspace/.git.path
2026-01-18T15:04:37.8212911Z includeif.gitdir:/github/workspace/.git/worktrees/*.path
2026-01-18T15:04:37.8220528Z [command]/usr/bin/git config --local --get-all includeif.gitdir:/home/runner/work/scratchattach/scratchattach/.git.path
2026-01-18T15:04:37.8241164Z /home/runner/work/_temp/git-credentials-6e67707f-acaa-4ace-8fee-bb3b2af5c822.config
2026-01-18T15:04:37.8251144Z [command]/usr/bin/git config --local --unset includeif.gitdir:/home/runner/work/scratchattach/scratchattach/.git.path /home/runner/work/_temp/git-credentials-6e67707f-acaa-4ace-8fee-bb3b2af5c822.config
2026-01-18T15:04:37.8282017Z [command]/usr/bin/git config --local --get-all includeif.gitdir:/home/runner/work/scratchattach/scratchattach/.git/worktrees/*.path
2026-01-18T15:04:37.8302838Z /home/runner/work/_temp/git-credentials-6e67707f-acaa-4ace-8fee-bb3b2af5c822.config
2026-01-18T15:04:37.8312657Z [command]/usr/bin/git config --local --unset includeif.gitdir:/home/runner/work/scratchattach/scratchattach/.git/worktrees/*.path /home/runner/work/_temp/git-credentials-6e67707f-acaa-4ace-8fee-bb3b2af5c822.config
2026-01-18T15:04:37.8342702Z [command]/usr/bin/git config --local --get-all includeif.gitdir:/github/workspace/.git.path
2026-01-18T15:04:37.8363343Z /github/runner_temp/git-credentials-6e67707f-acaa-4ace-8fee-bb3b2af5c822.config
2026-01-18T15:04:37.8371995Z [command]/usr/bin/git config --local --unset includeif.gitdir:/github/workspace/.git.path /github/runner_temp/git-credentials-6e67707f-acaa-4ace-8fee-bb3b2af5c822.config
2026-01-18T15:04:37.8401594Z [command]/usr/bin/git config --local --get-all includeif.gitdir:/github/workspace/.git/worktrees/*.path
2026-01-18T15:04:37.8421614Z /github/runner_temp/git-credentials-6e67707f-acaa-4ace-8fee-bb3b2af5c822.config
2026-01-18T15:04:37.8430998Z [command]/usr/bin/git config --local --unset includeif.gitdir:/github/workspace/.git/worktrees/*.path /github/runner_temp/git-credentials-6e67707f-acaa-4ace-8fee-bb3b2af5c822.config
2026-01-18T15:04:37.8461637Z [command]/usr/bin/git submodule foreach --recursive git config --local --show-origin --name-only --get-regexp remote.origin.url
2026-01-18T15:04:37.8680746Z Removing credentials config '/home/runner/work/_temp/git-credentials-6e67707f-acaa-4ace-8fee-bb3b2af5c822.config'
2026-01-18T15:04:37.8818047Z Post job cleanup.
2026-01-18T15:04:37.9577663Z [command]/usr/bin/git version
2026-01-18T15:04:37.9612609Z git version 2.52.0
2026-01-18T15:04:37.9649167Z Temporarily overriding HOME='/home/runner/work/_temp/25eca5e6-48e9-418e-9989-a89f1993bcba' before making global git config changes
2026-01-18T15:04:37.9650044Z Adding repository directory to the temporary git global config as a safe directory
2026-01-18T15:04:37.9654512Z [command]/usr/bin/git config --global --add safe.directory /home/runner/work/scratchattach/scratchattach
2026-01-18T15:04:37.9685650Z Removing SSH command configuration
2026-01-18T15:04:37.9692134Z [command]/usr/bin/git config --local --name-only --get-regexp core\.sshCommand
2026-01-18T15:04:37.9724726Z [command]/usr/bin/git submodule foreach --recursive sh -c "git config --local --name-only --get-regexp 'core\.sshCommand' && git config --local --unset-all 'core.sshCommand' || :"
2026-01-18T15:04:37.9945115Z Removing HTTP extra header
2026-01-18T15:04:37.9950072Z [command]/usr/bin/git config --local --name-only --get-regexp http\.https\:\/\/github\.com\/\.extraheader
2026-01-18T15:04:37.9979823Z [command]/usr/bin/git submodule foreach --recursive sh -c "git config --local --name-only --get-regexp 'http\.https\:\/\/github\.com\/\.extraheader' && git config --local --unset-all 'http.https://github.com/.extraheader' || :"
2026-01-18T15:04:38.0194843Z Removing includeIf entries pointing to credentials config files
2026-01-18T15:04:38.0200949Z [command]/usr/bin/git config --local --name-only --get-regexp ^includeIf\.gitdir:
2026-01-18T15:04:38.0230207Z [command]/usr/bin/git submodule foreach --recursive git config --local --show-origin --name-only --get-regexp remote.origin.url
2026-01-18T15:04:38.0561618Z Cleaning up orphan processes
