2025-09-11T21:09:44.8006186Z Current runner version: '2.328.0'
2025-09-11T21:09:44.8029297Z ##[group]Runner Image Provisioner
2025-09-11T21:09:44.8030110Z Hosted Compute Agent
2025-09-11T21:09:44.8030722Z Version: 20250829.383
2025-09-11T21:09:44.8031356Z Commit: 27cb235aab5b0e52e153a26cd86b4742e89dac5d
2025-09-11T21:09:44.8032047Z Build Date: 2025-08-29T13:48:48Z
2025-09-11T21:09:44.8032648Z ##[endgroup]
2025-09-11T21:09:44.8033225Z ##[group]Operating System
2025-09-11T21:09:44.8033771Z Ubuntu
2025-09-11T21:09:44.8034588Z 24.04.3
2025-09-11T21:09:44.8035087Z LTS
2025-09-11T21:09:44.8035503Z ##[endgroup]
2025-09-11T21:09:44.8036044Z ##[group]Runner Image
2025-09-11T21:09:44.8036639Z Image: ubuntu-24.04
2025-09-11T21:09:44.8037118Z Version: 20250907.24.1
2025-09-11T21:09:44.8038167Z Included Software: https://github.com/actions/runner-images/blob/ubuntu24/20250907.24/images/ubuntu/Ubuntu2404-Readme.md
2025-09-11T21:09:44.8039867Z Image Release: https://github.com/actions/runner-images/releases/tag/ubuntu24%2F20250907.24
2025-09-11T21:09:44.8040967Z ##[endgroup]
2025-09-11T21:09:44.8041966Z ##[group]GITHUB_TOKEN Permissions
2025-09-11T21:09:44.8043832Z Contents: write
2025-09-11T21:09:44.8044407Z Metadata: read
2025-09-11T21:09:44.8044907Z ##[endgroup]
2025-09-11T21:09:44.8047297Z Secret source: Actions
2025-09-11T21:09:44.8048184Z Prepare workflow directory
2025-09-11T21:09:44.8357405Z Prepare all required actions
2025-09-11T21:09:44.8394248Z Getting action download info
2025-09-11T21:09:45.3744944Z Download action repository 'actions/checkout@v5.0.0' (SHA:08c6903cd8c0fde910a37f88322edcfb5dd907a8)
2025-09-11T21:09:45.5639126Z Download action repository 'actions/setup-python@v6.0.0' (SHA:e797f83bcb11b83ae66e0230d6156d7c80228e7c)
2025-09-11T21:09:46.0993091Z Download action repository 'bossOfCode/install-scratchattach@v1.0.3' (SHA:be17a7cf1ecb5a7040eb42ef26c2e1fbe72bb25a)
2025-09-11T21:09:46.6473571Z Complete job name: Run Prioritzing Handler
2025-09-11T21:09:46.7169516Z ##[group]Run actions/checkout@v5.0.0
2025-09-11T21:09:46.7170573Z with:
2025-09-11T21:09:46.7171016Z   ref: main
2025-09-11T21:09:46.7171446Z   repository: Boss-1s/scratchattach
2025-09-11T21:09:46.7172148Z   token: ***
2025-09-11T21:09:46.7172579Z   ssh-strict: true
2025-09-11T21:09:46.7173015Z   ssh-user: git
2025-09-11T21:09:46.7173460Z   persist-credentials: true
2025-09-11T21:09:46.7173945Z   clean: true
2025-09-11T21:09:46.7174388Z   sparse-checkout-cone-mode: true
2025-09-11T21:09:46.7174900Z   fetch-depth: 1
2025-09-11T21:09:46.7175321Z   fetch-tags: false
2025-09-11T21:09:46.7175789Z   show-progress: true
2025-09-11T21:09:46.7176248Z   lfs: false
2025-09-11T21:09:46.7176658Z   submodules: false
2025-09-11T21:09:46.7177103Z   set-safe-directory: true
2025-09-11T21:09:46.7177818Z ##[endgroup]
2025-09-11T21:09:46.8080823Z Syncing repository: Boss-1s/scratchattach
2025-09-11T21:09:46.8082641Z ##[group]Getting Git version info
2025-09-11T21:09:46.8083522Z Working directory is '/home/runner/work/scratchattach/scratchattach'
2025-09-11T21:09:46.8084598Z [command]/usr/bin/git version
2025-09-11T21:09:46.8142775Z git version 2.51.0
2025-09-11T21:09:46.8164305Z ##[endgroup]
2025-09-11T21:09:46.8177360Z Temporarily overriding HOME='/home/runner/work/_temp/5b013052-1eab-47e7-aace-5125c28c13a8' before making global git config changes
2025-09-11T21:09:46.8178992Z Adding repository directory to the temporary git global config as a safe directory
2025-09-11T21:09:46.8182679Z [command]/usr/bin/git config --global --add safe.directory /home/runner/work/scratchattach/scratchattach
2025-09-11T21:09:46.8217980Z Deleting the contents of '/home/runner/work/scratchattach/scratchattach'
2025-09-11T21:09:46.8221737Z ##[group]Initializing the repository
2025-09-11T21:09:46.8226139Z [command]/usr/bin/git init /home/runner/work/scratchattach/scratchattach
2025-09-11T21:09:46.8319074Z hint: Using 'master' as the name for the initial branch. This default branch name
2025-09-11T21:09:46.8320816Z hint: is subject to change. To configure the initial branch name to use in all
2025-09-11T21:09:46.8322189Z hint: of your new repositories, which will suppress this warning, call:
2025-09-11T21:09:46.8323584Z hint:
2025-09-11T21:09:46.8324756Z hint: 	git config --global init.defaultBranch <name>
2025-09-11T21:09:46.8325845Z hint:
2025-09-11T21:09:46.8326826Z hint: Names commonly chosen instead of 'master' are 'main', 'trunk' and
2025-09-11T21:09:46.8328389Z hint: 'development'. The just-created branch can be renamed via this command:
2025-09-11T21:09:46.8329965Z hint:
2025-09-11T21:09:46.8330602Z hint: 	git branch -m <name>
2025-09-11T21:09:46.8331223Z hint:
2025-09-11T21:09:46.8331986Z hint: Disable this message with "git config set advice.defaultBranchName false"
2025-09-11T21:09:46.8333709Z Initialized empty Git repository in /home/runner/work/scratchattach/scratchattach/.git/
2025-09-11T21:09:46.8335944Z [command]/usr/bin/git remote add origin https://github.com/Boss-1s/scratchattach
2025-09-11T21:09:46.8370530Z ##[endgroup]
2025-09-11T21:09:46.8371340Z ##[group]Disabling automatic garbage collection
2025-09-11T21:09:46.8375270Z [command]/usr/bin/git config --local gc.auto 0
2025-09-11T21:09:46.8403470Z ##[endgroup]
2025-09-11T21:09:46.8404900Z ##[group]Setting up auth
2025-09-11T21:09:46.8410793Z [command]/usr/bin/git config --local --name-only --get-regexp core\.sshCommand
2025-09-11T21:09:46.8442089Z [command]/usr/bin/git submodule foreach --recursive sh -c "git config --local --name-only --get-regexp 'core\.sshCommand' && git config --local --unset-all 'core.sshCommand' || :"
2025-09-11T21:09:46.8790381Z [command]/usr/bin/git config --local --name-only --get-regexp http\.https\:\/\/github\.com\/\.extraheader
2025-09-11T21:09:46.8821880Z [command]/usr/bin/git submodule foreach --recursive sh -c "git config --local --name-only --get-regexp 'http\.https\:\/\/github\.com\/\.extraheader' && git config --local --unset-all 'http.https://github.com/.extraheader' || :"
2025-09-11T21:09:46.9070158Z [command]/usr/bin/git config --local http.https://github.com/.extraheader AUTHORIZATION: basic ***
2025-09-11T21:09:46.9108305Z ##[endgroup]
2025-09-11T21:09:46.9109812Z ##[group]Fetching the repository
2025-09-11T21:09:46.9121929Z [command]/usr/bin/git -c protocol.version=2 fetch --no-tags --prune --no-recurse-submodules --depth=1 origin +refs/heads/main*:refs/remotes/origin/main* +refs/tags/main*:refs/tags/main*
2025-09-11T21:09:47.7375068Z From https://github.com/Boss-1s/scratchattach
2025-09-11T21:09:47.7376884Z  * [new branch]      main       -> origin/main
2025-09-11T21:09:47.7405345Z ##[endgroup]
2025-09-11T21:09:47.7406352Z ##[group]Determining the checkout info
2025-09-11T21:09:47.7412415Z [command]/usr/bin/git branch --list --remote origin/main
2025-09-11T21:09:47.7435225Z   origin/main
2025-09-11T21:09:47.7440564Z ##[endgroup]
2025-09-11T21:09:47.7444212Z [command]/usr/bin/git sparse-checkout disable
2025-09-11T21:09:47.7482124Z [command]/usr/bin/git config --local --unset-all extensions.worktreeConfig
2025-09-11T21:09:47.7508620Z ##[group]Checking out the ref
2025-09-11T21:09:47.7512168Z [command]/usr/bin/git checkout --progress --force -B main refs/remotes/origin/main
2025-09-11T21:09:47.8422125Z Switched to a new branch 'main'
2025-09-11T21:09:47.8423630Z branch 'main' set up to track 'origin/main'.
2025-09-11T21:09:47.8440220Z ##[endgroup]
2025-09-11T21:09:47.8481420Z [command]/usr/bin/git log -1 --format=%H
2025-09-11T21:09:47.8505947Z fd295db45b963623f40bde432675700738578dd7
2025-09-11T21:09:47.8808129Z ##[group]Run actions/setup-python@v6.0.0
2025-09-11T21:09:47.8809557Z with:
2025-09-11T21:09:47.8810385Z   python-version: 3.13
2025-09-11T21:09:47.8811328Z   check-latest: false
2025-09-11T21:09:47.8812526Z   token: ***
2025-09-11T21:09:47.8813394Z   update-environment: true
2025-09-11T21:09:47.8814440Z   allow-prereleases: false
2025-09-11T21:09:47.8815456Z   freethreaded: false
2025-09-11T21:09:47.8816370Z ##[endgroup]
2025-09-11T21:09:48.0076861Z ##[group]Installed versions
2025-09-11T21:09:48.0163606Z (node:2136) [DEP0040] DeprecationWarning: The `punycode` module is deprecated. Please use a userland alternative instead.
2025-09-11T21:09:48.0167862Z (Use `node --trace-deprecation ...` to show where the warning was created)
2025-09-11T21:09:48.0171017Z Successfully set up CPython (3.13.7)
2025-09-11T21:09:48.0173717Z ##[endgroup]
2025-09-11T21:09:48.0351817Z ##[group]Run bossOfCode/install-scratchattach@v1.0.3
2025-09-11T21:09:48.0353134Z env:
2025-09-11T21:09:48.0354114Z   pythonLocation: /opt/hostedtoolcache/Python/3.13.7/x64
2025-09-11T21:09:48.0355799Z   PKG_CONFIG_PATH: /opt/hostedtoolcache/Python/3.13.7/x64/lib/pkgconfig
2025-09-11T21:09:48.0357472Z   Python_ROOT_DIR: /opt/hostedtoolcache/Python/3.13.7/x64
2025-09-11T21:09:48.0359248Z   Python2_ROOT_DIR: /opt/hostedtoolcache/Python/3.13.7/x64
2025-09-11T21:09:48.0360764Z   Python3_ROOT_DIR: /opt/hostedtoolcache/Python/3.13.7/x64
2025-09-11T21:09:48.0362290Z   LD_LIBRARY_PATH: /opt/hostedtoolcache/Python/3.13.7/x64/lib
2025-09-11T21:09:48.0363561Z ##[endgroup]
2025-09-11T21:09:48.0459584Z ##[group]Run python3 -m pip install --upgrade pip
2025-09-11T21:09:48.0461032Z [36;1mpython3 -m pip install --upgrade pip[0m
2025-09-11T21:09:48.0527020Z shell: /usr/bin/bash --noprofile --norc -e -o pipefail {0}
2025-09-11T21:09:48.0528349Z env:
2025-09-11T21:09:48.0529534Z   pythonLocation: /opt/hostedtoolcache/Python/3.13.7/x64
2025-09-11T21:09:48.0531223Z   PKG_CONFIG_PATH: /opt/hostedtoolcache/Python/3.13.7/x64/lib/pkgconfig
2025-09-11T21:09:48.0532861Z   Python_ROOT_DIR: /opt/hostedtoolcache/Python/3.13.7/x64
2025-09-11T21:09:48.0534330Z   Python2_ROOT_DIR: /opt/hostedtoolcache/Python/3.13.7/x64
2025-09-11T21:09:48.0535821Z   Python3_ROOT_DIR: /opt/hostedtoolcache/Python/3.13.7/x64
2025-09-11T21:09:48.0537298Z   LD_LIBRARY_PATH: /opt/hostedtoolcache/Python/3.13.7/x64/lib
2025-09-11T21:09:48.0538550Z ##[endgroup]
2025-09-11T21:09:49.0963357Z Requirement already satisfied: pip in /opt/hostedtoolcache/Python/3.13.7/x64/lib/python3.13/site-packages (25.2)
2025-09-11T21:09:49.2986488Z ##[group]Run pip install -U scratchattach
2025-09-11T21:09:49.2986919Z [36;1mpip install -U scratchattach[0m
2025-09-11T21:09:49.3018283Z shell: /usr/bin/bash --noprofile --norc -e -o pipefail {0}
2025-09-11T21:09:49.3018646Z env:
2025-09-11T21:09:49.3019079Z   pythonLocation: /opt/hostedtoolcache/Python/3.13.7/x64
2025-09-11T21:09:49.3019526Z   PKG_CONFIG_PATH: /opt/hostedtoolcache/Python/3.13.7/x64/lib/pkgconfig
2025-09-11T21:09:49.3019975Z   Python_ROOT_DIR: /opt/hostedtoolcache/Python/3.13.7/x64
2025-09-11T21:09:49.3020373Z   Python2_ROOT_DIR: /opt/hostedtoolcache/Python/3.13.7/x64
2025-09-11T21:09:49.3020767Z   Python3_ROOT_DIR: /opt/hostedtoolcache/Python/3.13.7/x64
2025-09-11T21:09:49.3021164Z   LD_LIBRARY_PATH: /opt/hostedtoolcache/Python/3.13.7/x64/lib
2025-09-11T21:09:49.3021493Z ##[endgroup]
2025-09-11T21:09:49.8090140Z Collecting scratchattach
2025-09-11T21:09:49.8777369Z   Downloading scratchattach-2.1.13-py3-none-any.whl.metadata (5.5 kB)
2025-09-11T21:09:49.8985033Z Collecting websocket-client (from scratchattach)
2025-09-11T21:09:49.9009748Z   Downloading websocket_client-1.8.0-py3-none-any.whl.metadata (8.0 kB)
2025-09-11T21:09:49.9284773Z Collecting requests (from scratchattach)
2025-09-11T21:09:49.9310841Z   Downloading requests-2.32.5-py3-none-any.whl.metadata (4.9 kB)
2025-09-11T21:09:49.9424178Z Collecting bs4 (from scratchattach)
2025-09-11T21:09:49.9447915Z   Downloading bs4-0.0.2-py2.py3-none-any.whl.metadata (411 bytes)
2025-09-11T21:09:49.9539555Z Collecting SimpleWebSocketServer (from scratchattach)
2025-09-11T21:09:49.9573048Z   Downloading SimpleWebSocketServer-0.1.2.tar.gz (10 kB)
2025-09-11T21:09:49.9655502Z   Installing build dependencies: started
2025-09-11T21:09:50.7021350Z   Installing build dependencies: finished with status 'done'
2025-09-11T21:09:50.7028244Z   Getting requirements to build wheel: started
2025-09-11T21:09:51.0817567Z   Getting requirements to build wheel: finished with status 'done'
2025-09-11T21:09:51.0829179Z   Preparing metadata (pyproject.toml): started
2025-09-11T21:09:51.2694163Z   Preparing metadata (pyproject.toml): finished with status 'done'
2025-09-11T21:09:51.2849387Z Collecting typing-extensions (from scratchattach)
2025-09-11T21:09:51.2873329Z   Downloading typing_extensions-4.15.0-py3-none-any.whl.metadata (3.3 kB)
2025-09-11T21:09:51.3042862Z Collecting beautifulsoup4 (from bs4->scratchattach)
2025-09-11T21:09:51.3071173Z   Downloading beautifulsoup4-4.13.5-py3-none-any.whl.metadata (3.8 kB)
2025-09-11T21:09:51.3256606Z Collecting soupsieve>1.2 (from beautifulsoup4->bs4->scratchattach)
2025-09-11T21:09:51.3279567Z   Downloading soupsieve-2.8-py3-none-any.whl.metadata (4.6 kB)
2025-09-11T21:09:51.4102030Z Collecting charset_normalizer<4,>=2 (from requests->scratchattach)
2025-09-11T21:09:51.4134510Z   Downloading charset_normalizer-3.4.3-cp313-cp313-manylinux2014_x86_64.manylinux_2_17_x86_64.manylinux_2_28_x86_64.whl.metadata (36 kB)
2025-09-11T21:09:51.4304945Z Collecting idna<4,>=2.5 (from requests->scratchattach)
2025-09-11T21:09:51.4330145Z   Downloading idna-3.10-py3-none-any.whl.metadata (10 kB)
2025-09-11T21:09:51.4599160Z Collecting urllib3<3,>=1.21.1 (from requests->scratchattach)
2025-09-11T21:09:51.4626217Z   Downloading urllib3-2.5.0-py3-none-any.whl.metadata (6.5 kB)
2025-09-11T21:09:51.4919773Z Collecting certifi>=2017.4.17 (from requests->scratchattach)
2025-09-11T21:09:51.4946776Z   Downloading certifi-2025.8.3-py3-none-any.whl.metadata (2.4 kB)
2025-09-11T21:09:51.5039460Z Downloading scratchattach-2.1.13-py3-none-any.whl (141 kB)
2025-09-11T21:09:51.5105660Z Downloading bs4-0.0.2-py2.py3-none-any.whl (1.2 kB)
2025-09-11T21:09:51.5146484Z Downloading beautifulsoup4-4.13.5-py3-none-any.whl (105 kB)
2025-09-11T21:09:51.5194394Z Downloading soupsieve-2.8-py3-none-any.whl (36 kB)
2025-09-11T21:09:51.5239129Z Downloading typing_extensions-4.15.0-py3-none-any.whl (44 kB)
2025-09-11T21:09:51.5283085Z Downloading requests-2.32.5-py3-none-any.whl (64 kB)
2025-09-11T21:09:51.5329374Z Downloading charset_normalizer-3.4.3-cp313-cp313-manylinux2014_x86_64.manylinux_2_17_x86_64.manylinux_2_28_x86_64.whl (151 kB)
2025-09-11T21:09:51.5375402Z Downloading idna-3.10-py3-none-any.whl (70 kB)
2025-09-11T21:09:51.5421954Z Downloading urllib3-2.5.0-py3-none-any.whl (129 kB)
2025-09-11T21:09:51.5471442Z Downloading certifi-2025.8.3-py3-none-any.whl (161 kB)
2025-09-11T21:09:51.5517900Z Downloading websocket_client-1.8.0-py3-none-any.whl (58 kB)
2025-09-11T21:09:51.5651443Z Building wheels for collected packages: SimpleWebSocketServer
2025-09-11T21:09:51.5659997Z   Building wheel for SimpleWebSocketServer (pyproject.toml): started
2025-09-11T21:09:51.7873124Z   Building wheel for SimpleWebSocketServer (pyproject.toml): finished with status 'done'
2025-09-11T21:09:51.7879498Z   Created wheel for SimpleWebSocketServer: filename=simplewebsocketserver-0.1.2-py3-none-any.whl size=9715 sha256=3d3beb21e521140eafc9b79d5a659af31b8bacf116caeb47e5404f81914459f5
2025-09-11T21:09:51.7880885Z   Stored in directory: /home/runner/.cache/pip/wheels/c4/5b/e8/4f2c15a82edc4923058056f6681373168be02a0c00389a6dcf
2025-09-11T21:09:51.7900221Z Successfully built SimpleWebSocketServer
2025-09-11T21:09:51.8079873Z Installing collected packages: SimpleWebSocketServer, websocket-client, urllib3, typing-extensions, soupsieve, idna, charset_normalizer, certifi, requests, beautifulsoup4, bs4, scratchattach
2025-09-11T21:09:52.3742338Z 
2025-09-11T21:09:52.3764744Z Successfully installed SimpleWebSocketServer-0.1.2 beautifulsoup4-4.13.5 bs4-0.0.2 certifi-2025.8.3 charset_normalizer-3.4.3 idna-3.10 requests-2.32.5 scratchattach-2.1.13 soupsieve-2.8 typing-extensions-4.15.0 urllib3-2.5.0 websocket-client-1.8.0
2025-09-11T21:09:52.4635880Z ##[group]Run actions/checkout@v5.0.0
2025-09-11T21:09:52.4636154Z with:
2025-09-11T21:09:52.4636325Z   ref: main
2025-09-11T21:09:52.4636533Z   repository: Boss-1s/scratchattach
2025-09-11T21:09:52.4636973Z   token: ***
2025-09-11T21:09:52.4637156Z   ssh-strict: true
2025-09-11T21:09:52.4637346Z   ssh-user: git
2025-09-11T21:09:52.4637542Z   persist-credentials: true
2025-09-11T21:09:52.4637766Z   clean: true
2025-09-11T21:09:52.4637965Z   sparse-checkout-cone-mode: true
2025-09-11T21:09:52.4638382Z   fetch-depth: 1
2025-09-11T21:09:52.4638565Z   fetch-tags: false
2025-09-11T21:09:52.4638957Z   show-progress: true
2025-09-11T21:09:52.4639156Z   lfs: false
2025-09-11T21:09:52.4639328Z   submodules: false
2025-09-11T21:09:52.4639528Z   set-safe-directory: true
2025-09-11T21:09:52.4639733Z env:
2025-09-11T21:09:52.4639964Z   pythonLocation: /opt/hostedtoolcache/Python/3.13.7/x64
2025-09-11T21:09:52.4640368Z   PKG_CONFIG_PATH: /opt/hostedtoolcache/Python/3.13.7/x64/lib/pkgconfig
2025-09-11T21:09:52.4640806Z   Python_ROOT_DIR: /opt/hostedtoolcache/Python/3.13.7/x64
2025-09-11T21:09:52.4641150Z   Python2_ROOT_DIR: /opt/hostedtoolcache/Python/3.13.7/x64
2025-09-11T21:09:52.4641489Z   Python3_ROOT_DIR: /opt/hostedtoolcache/Python/3.13.7/x64
2025-09-11T21:09:52.4641830Z   LD_LIBRARY_PATH: /opt/hostedtoolcache/Python/3.13.7/x64/lib
2025-09-11T21:09:52.4642115Z ##[endgroup]
2025-09-11T21:09:52.5416000Z Syncing repository: Boss-1s/scratchattach
2025-09-11T21:09:52.5417266Z ##[group]Getting Git version info
2025-09-11T21:09:52.5417958Z Working directory is '/home/runner/work/scratchattach/scratchattach'
2025-09-11T21:09:52.5455037Z [command]/usr/bin/git version
2025-09-11T21:09:52.5492499Z git version 2.51.0
2025-09-11T21:09:52.5513060Z ##[endgroup]
2025-09-11T21:09:52.5526396Z Temporarily overriding HOME='/home/runner/work/_temp/8197b9ba-5ccd-48b6-ae7c-ec09da8fef9b' before making global git config changes
2025-09-11T21:09:52.5527367Z Adding repository directory to the temporary git global config as a safe directory
2025-09-11T21:09:52.5531944Z [command]/usr/bin/git config --global --add safe.directory /home/runner/work/scratchattach/scratchattach
2025-09-11T21:09:52.5569512Z [command]/usr/bin/git config --local --get remote.origin.url
2025-09-11T21:09:52.5590571Z https://github.com/Boss-1s/scratchattach
2025-09-11T21:09:52.5603153Z ##[group]Removing previously created refs, to avoid conflicts
2025-09-11T21:09:52.5607431Z [command]/usr/bin/git rev-parse --symbolic-full-name --verify --quiet HEAD
2025-09-11T21:09:52.5627951Z refs/heads/main
2025-09-11T21:09:52.5637514Z [command]/usr/bin/git checkout --detach
2025-09-11T21:09:52.6402160Z HEAD is now at fd295db [BOT] Download Logs
2025-09-11T21:09:52.6447551Z [command]/usr/bin/git branch --delete --force main
2025-09-11T21:09:52.6473882Z Deleted branch main (was fd295db).
2025-09-11T21:09:52.6507713Z ##[endgroup]
2025-09-11T21:09:52.6511706Z [command]/usr/bin/git submodule status
2025-09-11T21:09:52.6754418Z ##[group]Cleaning the repository
2025-09-11T21:09:52.6759108Z [command]/usr/bin/git clean -ffdx
2025-09-11T21:09:52.6796103Z [command]/usr/bin/git reset --hard HEAD
2025-09-11T21:09:52.6839003Z HEAD is now at fd295db [BOT] Download Logs
2025-09-11T21:09:52.6844780Z ##[endgroup]
2025-09-11T21:09:52.6846350Z ##[group]Disabling automatic garbage collection
2025-09-11T21:09:52.6851099Z [command]/usr/bin/git config --local gc.auto 0
2025-09-11T21:09:52.6877374Z ##[endgroup]
2025-09-11T21:09:52.6877940Z ##[group]Setting up auth
2025-09-11T21:09:52.6885039Z [command]/usr/bin/git config --local --name-only --get-regexp core\.sshCommand
2025-09-11T21:09:52.6915053Z [command]/usr/bin/git submodule foreach --recursive sh -c "git config --local --name-only --get-regexp 'core\.sshCommand' && git config --local --unset-all 'core.sshCommand' || :"
2025-09-11T21:09:52.7160717Z [command]/usr/bin/git config --local --name-only --get-regexp http\.https\:\/\/github\.com\/\.extraheader
2025-09-11T21:09:52.7186070Z http.https://github.com/.extraheader
2025-09-11T21:09:52.7195643Z [command]/usr/bin/git config --local --unset-all http.https://github.com/.extraheader
2025-09-11T21:09:52.7225441Z [command]/usr/bin/git submodule foreach --recursive sh -c "git config --local --name-only --get-regexp 'http\.https\:\/\/github\.com\/\.extraheader' && git config --local --unset-all 'http.https://github.com/.extraheader' || :"
2025-09-11T21:09:52.7447893Z [command]/usr/bin/git config --local http.https://github.com/.extraheader AUTHORIZATION: basic ***
2025-09-11T21:09:52.7515599Z ##[endgroup]
2025-09-11T21:09:52.7516218Z ##[group]Fetching the repository
2025-09-11T21:09:52.7524822Z [command]/usr/bin/git -c protocol.version=2 fetch --no-tags --prune --no-recurse-submodules --depth=1 origin +refs/heads/main*:refs/remotes/origin/main* +refs/tags/main*:refs/tags/main*
2025-09-11T21:09:53.2425466Z ##[endgroup]
2025-09-11T21:09:53.2426016Z ##[group]Determining the checkout info
2025-09-11T21:09:53.2432460Z [command]/usr/bin/git branch --list --remote origin/main
2025-09-11T21:09:53.2455392Z   origin/main
2025-09-11T21:09:53.2459536Z ##[endgroup]
2025-09-11T21:09:53.2463879Z [command]/usr/bin/git sparse-checkout disable
2025-09-11T21:09:53.2503815Z [command]/usr/bin/git config --local --unset-all extensions.worktreeConfig
2025-09-11T21:09:53.2528943Z ##[group]Checking out the ref
2025-09-11T21:09:53.2532963Z [command]/usr/bin/git checkout --progress --force -B main refs/remotes/origin/main
2025-09-11T21:09:53.2578677Z Switched to a new branch 'main'
2025-09-11T21:09:53.2581442Z branch 'main' set up to track 'origin/main'.
2025-09-11T21:09:53.2587065Z ##[endgroup]
2025-09-11T21:09:53.2621827Z [command]/usr/bin/git log -1 --format=%H
2025-09-11T21:09:53.2646224Z fd295db45b963623f40bde432675700738578dd7
2025-09-11T21:09:53.2754982Z ##[group]Run python3 aesthetic_prioritizing.py
2025-09-11T21:09:53.2755338Z [36;1mpython3 aesthetic_prioritizing.py[0m
2025-09-11T21:09:53.2787007Z shell: /usr/bin/bash -e {0}
2025-09-11T21:09:53.2787234Z env:
2025-09-11T21:09:53.2787481Z   pythonLocation: /opt/hostedtoolcache/Python/3.13.7/x64
2025-09-11T21:09:53.2787889Z   PKG_CONFIG_PATH: /opt/hostedtoolcache/Python/3.13.7/x64/lib/pkgconfig
2025-09-11T21:09:53.2788281Z   Python_ROOT_DIR: /opt/hostedtoolcache/Python/3.13.7/x64
2025-09-11T21:09:53.2788642Z   Python2_ROOT_DIR: /opt/hostedtoolcache/Python/3.13.7/x64
2025-09-11T21:09:53.2789136Z   Python3_ROOT_DIR: /opt/hostedtoolcache/Python/3.13.7/x64
2025-09-11T21:09:53.2789488Z   LD_LIBRARY_PATH: /opt/hostedtoolcache/Python/3.13.7/x64/lib
2025-09-11T21:09:53.2789989Z   PASS: ***
2025-09-11T21:09:53.2790159Z ##[endgroup]
2025-09-11T21:15:13.9913450Z Prioritizing: Attempt 1
2025-09-11T21:15:13.9914054Z Unfavorited project 1193158560
2025-09-11T21:15:13.9914586Z Favorited project 1193158560 to move it to the top
2025-09-11T21:15:13.9915114Z Unfavorited project 1193158559
2025-09-11T21:15:13.9915558Z Favorited project 1193158559 to move it to the top
2025-09-11T21:15:13.9916097Z Unfavorited project 1193158558
2025-09-11T21:15:13.9916606Z Favorited project 1193158558 to move it to the top
2025-09-11T21:15:13.9917166Z Unfavorited project 1193158567
2025-09-11T21:15:13.9917659Z Favorited project 1193158567 to move it to the top
2025-09-11T21:15:13.9919088Z Process failed, retying. Error: The user corresponding to the connected login / session is not allowed to perform this action. Request content: b'{"code":"Forbidden","message":""}'
2025-09-11T21:15:13.9919972Z Prioritizing: Attempt 2
2025-09-11T21:15:13.9920782Z Process failed, retying. Error: The user corresponding to the connected login / session is not allowed to perform this action. Request content: b'{"code":"Forbidden","message":""}'
2025-09-11T21:15:13.9921650Z Prioritizing: Attempt 3
2025-09-11T21:15:13.9922460Z Process failed, retying. Error: The user corresponding to the connected login / session is not allowed to perform this action. Request content: b'{"code":"Forbidden","message":""}'
2025-09-11T21:15:13.9923318Z Prioritizing: Attempt 4
2025-09-11T21:15:13.9924123Z Process failed, retying. Error: The user corresponding to the connected login / session is not allowed to perform this action. Request content: b'{"code":"Forbidden","message":""}'
2025-09-11T21:15:13.9924882Z Prioritizing: Attempt 5
2025-09-11T21:15:13.9925481Z Process failed, retying. Error: The user corresponding to the connected login / session is not allowed to perform this action. Request content: b'{"code":"Forbidden","message":""}'
2025-09-11T21:15:13.9926139Z Prioritizing: Attempt 6
2025-09-11T21:15:13.9926448Z Process failed, and the maximum attempt value has been reached. Exiting.
2025-09-11T21:15:13.9927518Z Prioritized projects in your favorite list.
2025-09-11T21:15:13.9928005Z Traceback (most recent call last):
2025-09-11T21:15:13.9947401Z   File "/home/runner/work/scratchattach/scratchattach/aesthetic_prioritizing.py", line 81, in prioritize
2025-09-11T21:15:13.9948156Z     project.favorite()
2025-09-11T21:15:13.9948370Z     ~~~~~~~~~~~~~~~~^^
2025-09-11T21:15:13.9949378Z   File "/opt/hostedtoolcache/Python/3.13.7/x64/lib/python3.13/site-packages/scratchattach/site/project.py", line 426, in favorite
2025-09-11T21:15:13.9950321Z     r = requests.post(
2025-09-11T21:15:13.9950635Z         ~~~~~~~~~~~~~^
2025-09-11T21:15:13.9951270Z         f"https://api.scratch.mit.edu/proxy/projects/{self.id}/favorites/user/{self._session._username}",
2025-09-11T21:15:13.9952026Z         ^^^^^^^^^^^^^^^^^^^^^^^^^^^^^^^^^^^^^^^^^^^^^^^^^^^^^^^^^^^^^^^^^^^^^^^^^^^^^^^^^^^^^^^^^^^^^^^^^
2025-09-11T21:15:13.9952453Z         headers=self._headers,
2025-09-11T21:15:13.9952677Z         ^^^^^^^^^^^^^^^^^^^^^^
2025-09-11T21:15:13.9952902Z         cookies=self._cookies,
2025-09-11T21:15:13.9953106Z         ^^^^^^^^^^^^^^^^^^^^^^
2025-09-11T21:15:13.9953294Z     ).json()
2025-09-11T21:15:13.9953840Z     ^
2025-09-11T21:15:13.9954708Z   File "/opt/hostedtoolcache/Python/3.13.7/x64/lib/python3.13/site-packages/scratchattach/utils/requests.py", line 45, in post
2025-09-11T21:15:13.9955628Z     Requests.check_response(r)
2025-09-11T21:15:13.9955976Z     ~~~~~~~~~~~~~~~~~~~~~~~^^^
2025-09-11T21:15:13.9956944Z   File "/opt/hostedtoolcache/Python/3.13.7/x64/lib/python3.13/site-packages/scratchattach/utils/requests.py", line 17, in check_response
2025-09-11T21:15:13.9957649Z     raise exceptions.Unauthorized(f"Request content: {r.content}")
2025-09-11T21:15:13.9958998Z scratchattach.utils.exceptions.Unauthorized: The user corresponding to the connected login / session is not allowed to perform this action. Request content: b'{"code":"Forbidden","message":""}'
2025-09-11T21:15:13.9960157Z 
2025-09-11T21:15:13.9960438Z During handling of the above exception, another exception occurred:
2025-09-11T21:15:13.9960873Z 
2025-09-11T21:15:13.9961020Z Traceback (most recent call last):
2025-09-11T21:15:13.9961880Z   File "/home/runner/work/scratchattach/scratchattach/aesthetic_prioritizing.py", line 71, in prioritize
2025-09-11T21:15:13.9962704Z     project.unfavorite()
2025-09-11T21:15:13.9963039Z     ~~~~~~~~~~~~~~~~~~^^
2025-09-11T21:15:13.9963651Z   File "/opt/hostedtoolcache/Python/3.13.7/x64/lib/python3.13/site-packages/scratchattach/site/project.py", line 442, in unfavorite
2025-09-11T21:15:13.9964200Z     r = requests.delete(
2025-09-11T21:15:13.9964393Z         ~~~~~~~~~~~~~~~^
2025-09-11T21:15:13.9964783Z         f"https://api.scratch.mit.edu/proxy/projects/{self.id}/favorites/user/{self._session._username}",
2025-09-11T21:15:13.9965227Z         ^^^^^^^^^^^^^^^^^^^^^^^^^^^^^^^^^^^^^^^^^^^^^^^^^^^^^^^^^^^^^^^^^^^^^^^^^^^^^^^^^^^^^^^^^^^^^^^^^
2025-09-11T21:15:13.9965627Z         headers=self._headers,
2025-09-11T21:15:13.9965984Z         ^^^^^^^^^^^^^^^^^^^^^^
2025-09-11T21:15:13.9966315Z         cookies=self._cookies,
2025-09-11T21:15:13.9966650Z         ^^^^^^^^^^^^^^^^^^^^^^
2025-09-11T21:15:13.9966976Z     ).json()
2025-09-11T21:15:13.9967234Z     ^
2025-09-11T21:15:13.9968071Z   File "/opt/hostedtoolcache/Python/3.13.7/x64/lib/python3.13/site-packages/scratchattach/utils/requests.py", line 55, in delete
2025-09-11T21:15:13.9969136Z     Requests.check_response(r)
2025-09-11T21:15:13.9969339Z     ~~~~~~~~~~~~~~~~~~~~~~~^^^
2025-09-11T21:15:13.9969916Z   File "/opt/hostedtoolcache/Python/3.13.7/x64/lib/python3.13/site-packages/scratchattach/utils/requests.py", line 17, in check_response
2025-09-11T21:15:13.9970671Z     raise exceptions.Unauthorized(f"Request content: {r.content}")
2025-09-11T21:15:13.9971488Z scratchattach.utils.exceptions.Unauthorized: The user corresponding to the connected login / session is not allowed to perform this action. Request content: b'{"code":"Forbidden","message":""}'
2025-09-11T21:15:13.9972315Z 
2025-09-11T21:15:13.9972482Z During handling of the above exception, another exception occurred:
2025-09-11T21:15:13.9972807Z 
2025-09-11T21:15:13.9972901Z Traceback (most recent call last):
2025-09-11T21:15:13.9973458Z   File "/home/runner/work/scratchattach/scratchattach/aesthetic_prioritizing.py", line 71, in prioritize
2025-09-11T21:15:13.9973938Z     project.unfavorite()
2025-09-11T21:15:13.9974134Z     ~~~~~~~~~~~~~~~~~~^^
2025-09-11T21:15:13.9974656Z   File "/opt/hostedtoolcache/Python/3.13.7/x64/lib/python3.13/site-packages/scratchattach/site/project.py", line 442, in unfavorite
2025-09-11T21:15:13.9975198Z     r = requests.delete(
2025-09-11T21:15:13.9975384Z         ~~~~~~~~~~~~~~~^
2025-09-11T21:15:13.9975771Z         f"https://api.scratch.mit.edu/proxy/projects/{self.id}/favorites/user/{self._session._username}",
2025-09-11T21:15:13.9976215Z         ^^^^^^^^^^^^^^^^^^^^^^^^^^^^^^^^^^^^^^^^^^^^^^^^^^^^^^^^^^^^^^^^^^^^^^^^^^^^^^^^^^^^^^^^^^^^^^^^^
2025-09-11T21:15:13.9976477Z         headers=self._headers,
2025-09-11T21:15:13.9977147Z         ^^^^^^^^^^^^^^^^^^^^^^
2025-09-11T21:15:13.9977444Z         cookies=self._cookies,
2025-09-11T21:15:13.9977800Z         ^^^^^^^^^^^^^^^^^^^^^^
2025-09-11T21:15:13.9977998Z     ).json()
2025-09-11T21:15:13.9978168Z     ^
2025-09-11T21:15:13.9979140Z   File "/opt/hostedtoolcache/Python/3.13.7/x64/lib/python3.13/site-packages/scratchattach/utils/requests.py", line 55, in delete
2025-09-11T21:15:13.9979771Z     Requests.check_response(r)
2025-09-11T21:15:13.9979992Z     ~~~~~~~~~~~~~~~~~~~~~~~^^^
2025-09-11T21:15:13.9980560Z   File "/opt/hostedtoolcache/Python/3.13.7/x64/lib/python3.13/site-packages/scratchattach/utils/requests.py", line 17, in check_response
2025-09-11T21:15:13.9981259Z     raise exceptions.Unauthorized(f"Request content: {r.content}")
2025-09-11T21:15:13.9982125Z scratchattach.utils.exceptions.Unauthorized: The user corresponding to the connected login / session is not allowed to perform this action. Request content: b'{"code":"Forbidden","message":""}'
2025-09-11T21:15:13.9982785Z 
2025-09-11T21:15:13.9982952Z During handling of the above exception, another exception occurred:
2025-09-11T21:15:13.9983204Z 
2025-09-11T21:15:13.9983298Z Traceback (most recent call last):
2025-09-11T21:15:13.9983799Z   File "/home/runner/work/scratchattach/scratchattach/aesthetic_prioritizing.py", line 71, in prioritize
2025-09-11T21:15:13.9984303Z     project.unfavorite()
2025-09-11T21:15:13.9984551Z     ~~~~~~~~~~~~~~~~~~^^
2025-09-11T21:15:13.9985123Z   File "/opt/hostedtoolcache/Python/3.13.7/x64/lib/python3.13/site-packages/scratchattach/site/project.py", line 442, in unfavorite
2025-09-11T21:15:13.9985670Z     r = requests.delete(
2025-09-11T21:15:13.9985863Z         ~~~~~~~~~~~~~~~^
2025-09-11T21:15:13.9986255Z         f"https://api.scratch.mit.edu/proxy/projects/{self.id}/favorites/user/{self._session._username}",
2025-09-11T21:15:13.9986707Z         ^^^^^^^^^^^^^^^^^^^^^^^^^^^^^^^^^^^^^^^^^^^^^^^^^^^^^^^^^^^^^^^^^^^^^^^^^^^^^^^^^^^^^^^^^^^^^^^^^
2025-09-11T21:15:13.9986972Z         headers=self._headers,
2025-09-11T21:15:13.9987180Z         ^^^^^^^^^^^^^^^^^^^^^^
2025-09-11T21:15:13.9987381Z         cookies=self._cookies,
2025-09-11T21:15:13.9987581Z         ^^^^^^^^^^^^^^^^^^^^^^
2025-09-11T21:15:13.9987770Z     ).json()
2025-09-11T21:15:13.9987927Z     ^
2025-09-11T21:15:13.9988410Z   File "/opt/hostedtoolcache/Python/3.13.7/x64/lib/python3.13/site-packages/scratchattach/utils/requests.py", line 55, in delete
2025-09-11T21:15:13.9989051Z     Requests.check_response(r)
2025-09-11T21:15:13.9989249Z     ~~~~~~~~~~~~~~~~~~~~~~~^^^
2025-09-11T21:15:13.9989785Z   File "/opt/hostedtoolcache/Python/3.13.7/x64/lib/python3.13/site-packages/scratchattach/utils/requests.py", line 17, in check_response
2025-09-11T21:15:13.9990468Z     raise exceptions.Unauthorized(f"Request content: {r.content}")
2025-09-11T21:15:13.9991278Z scratchattach.utils.exceptions.Unauthorized: The user corresponding to the connected login / session is not allowed to perform this action. Request content: b'{"code":"Forbidden","message":""}'
2025-09-11T21:15:13.9992074Z 
2025-09-11T21:15:13.9992242Z During handling of the above exception, another exception occurred:
2025-09-11T21:15:13.9992504Z 
2025-09-11T21:15:13.9992590Z Traceback (most recent call last):
2025-09-11T21:15:13.9993067Z   File "/home/runner/work/scratchattach/scratchattach/aesthetic_prioritizing.py", line 71, in prioritize
2025-09-11T21:15:13.9993539Z     project.unfavorite()
2025-09-11T21:15:13.9993744Z     ~~~~~~~~~~~~~~~~~~^^
2025-09-11T21:15:13.9994269Z   File "/opt/hostedtoolcache/Python/3.13.7/x64/lib/python3.13/site-packages/scratchattach/site/project.py", line 442, in unfavorite
2025-09-11T21:15:13.9994812Z     r = requests.delete(
2025-09-11T21:15:13.9994997Z         ~~~~~~~~~~~~~~~^
2025-09-11T21:15:13.9995378Z         f"https://api.scratch.mit.edu/proxy/projects/{self.id}/favorites/user/{self._session._username}",
2025-09-11T21:15:13.9995812Z         ^^^^^^^^^^^^^^^^^^^^^^^^^^^^^^^^^^^^^^^^^^^^^^^^^^^^^^^^^^^^^^^^^^^^^^^^^^^^^^^^^^^^^^^^^^^^^^^^^
2025-09-11T21:15:13.9996077Z         headers=self._headers,
2025-09-11T21:15:13.9996279Z         ^^^^^^^^^^^^^^^^^^^^^^
2025-09-11T21:15:13.9996597Z         cookies=self._cookies,
2025-09-11T21:15:13.9996799Z         ^^^^^^^^^^^^^^^^^^^^^^
2025-09-11T21:15:13.9996986Z     ).json()
2025-09-11T21:15:13.9997141Z     ^
2025-09-11T21:15:13.9997616Z   File "/opt/hostedtoolcache/Python/3.13.7/x64/lib/python3.13/site-packages/scratchattach/utils/requests.py", line 55, in delete
2025-09-11T21:15:13.9998151Z     Requests.check_response(r)
2025-09-11T21:15:13.9998352Z     ~~~~~~~~~~~~~~~~~~~~~~~^^^
2025-09-11T21:15:13.9998996Z   File "/opt/hostedtoolcache/Python/3.13.7/x64/lib/python3.13/site-packages/scratchattach/utils/requests.py", line 17, in check_response
2025-09-11T21:15:13.9999666Z     raise exceptions.Unauthorized(f"Request content: {r.content}")
2025-09-11T21:15:14.0000465Z scratchattach.utils.exceptions.Unauthorized: The user corresponding to the connected login / session is not allowed to perform this action. Request content: b'{"code":"Forbidden","message":""}'
2025-09-11T21:15:14.0001113Z 
2025-09-11T21:15:14.0001282Z During handling of the above exception, another exception occurred:
2025-09-11T21:15:14.0001533Z 
2025-09-11T21:15:14.0001618Z Traceback (most recent call last):
2025-09-11T21:15:14.0002103Z   File "/home/runner/work/scratchattach/scratchattach/aesthetic_prioritizing.py", line 57, in prioritize
2025-09-11T21:15:14.0002768Z     raise ValueError("Process failed, and the maximum attempt value has been reached. Exiting.")
2025-09-11T21:15:14.0003307Z ValueError: Process failed, and the maximum attempt value has been reached. Exiting.
2025-09-11T21:15:14.0003612Z 
2025-09-11T21:15:14.0003779Z During handling of the above exception, another exception occurred:
2025-09-11T21:15:14.0004028Z 
2025-09-11T21:15:14.0004115Z Traceback (most recent call last):
2025-09-11T21:15:14.0004586Z   File "/home/runner/work/scratchattach/scratchattach/aesthetic_prioritizing.py", line 145, in <module>
2025-09-11T21:15:14.0005055Z     prioritize(atmp, max_atmp)
2025-09-11T21:15:14.0005255Z     ~~~~~~~~~~^^^^^^^^^^^^^^^^
2025-09-11T21:15:14.0005705Z   File "/home/runner/work/scratchattach/scratchattach/aesthetic_prioritizing.py", line 97, in prioritize
2025-09-11T21:15:14.0006173Z     prioritize(atmp, max_atmp)
2025-09-11T21:15:14.0006370Z     ~~~~~~~~~~^^^^^^^^^^^^^^^^
2025-09-11T21:15:14.0006811Z   File "/home/runner/work/scratchattach/scratchattach/aesthetic_prioritizing.py", line 97, in prioritize
2025-09-11T21:15:14.0007276Z     prioritize(atmp, max_atmp)
2025-09-11T21:15:14.0007476Z     ~~~~~~~~~~^^^^^^^^^^^^^^^^
2025-09-11T21:15:14.0007912Z   File "/home/runner/work/scratchattach/scratchattach/aesthetic_prioritizing.py", line 97, in prioritize
2025-09-11T21:15:14.0008376Z     prioritize(atmp, max_atmp)
2025-09-11T21:15:14.0008580Z     ~~~~~~~~~~^^^^^^^^^^^^^^^^
2025-09-11T21:15:14.0008998Z   [Previous line repeated 2 more times]
2025-09-11T21:15:14.0009491Z   File "/home/runner/work/scratchattach/scratchattach/aesthetic_prioritizing.py", line 87, in prioritize
2025-09-11T21:15:14.0010111Z     sys.exit(1)
2025-09-11T21:15:14.0010274Z     ^^^
2025-09-11T21:15:14.0010536Z NameError: name 'sys' is not defined. Did you forget to import 'sys'?
2025-09-11T21:15:14.0279361Z ##[error]Process completed with exit code 1.
2025-09-11T21:15:14.0370809Z Post job cleanup.
2025-09-11T21:15:14.1155370Z [command]/usr/bin/git version
2025-09-11T21:15:14.1192965Z git version 2.51.0
2025-09-11T21:15:14.1230165Z Temporarily overriding HOME='/home/runner/work/_temp/2241da3f-c56f-4c7a-bbed-6cea63156703' before making global git config changes
2025-09-11T21:15:14.1231353Z Adding repository directory to the temporary git global config as a safe directory
2025-09-11T21:15:14.1235866Z [command]/usr/bin/git config --global --add safe.directory /home/runner/work/scratchattach/scratchattach
2025-09-11T21:15:14.1274859Z [command]/usr/bin/git config --local --name-only --get-regexp core\.sshCommand
2025-09-11T21:15:14.1310719Z [command]/usr/bin/git submodule foreach --recursive sh -c "git config --local --name-only --get-regexp 'core\.sshCommand' && git config --local --unset-all 'core.sshCommand' || :"
2025-09-11T21:15:14.1549663Z [command]/usr/bin/git config --local --name-only --get-regexp http\.https\:\/\/github\.com\/\.extraheader
2025-09-11T21:15:14.1573564Z http.https://github.com/.extraheader
2025-09-11T21:15:14.1583797Z [command]/usr/bin/git config --local --unset-all http.https://github.com/.extraheader
2025-09-11T21:15:14.1616301Z [command]/usr/bin/git submodule foreach --recursive sh -c "git config --local --name-only --get-regexp 'http\.https\:\/\/github\.com\/\.extraheader' && git config --local --unset-all 'http.https://github.com/.extraheader' || :"
2025-09-11T21:15:14.1960614Z Post job cleanup.
2025-09-11T21:15:14.2779728Z [command]/usr/bin/git version
2025-09-11T21:15:14.2821592Z git version 2.51.0
2025-09-11T21:15:14.2860813Z Temporarily overriding HOME='/home/runner/work/_temp/ff13b192-525f-4111-821c-a7cae5d94936' before making global git config changes
2025-09-11T21:15:14.2862092Z Adding repository directory to the temporary git global config as a safe directory
2025-09-11T21:15:14.2867939Z [command]/usr/bin/git config --global --add safe.directory /home/runner/work/scratchattach/scratchattach
2025-09-11T21:15:14.2907566Z [command]/usr/bin/git config --local --name-only --get-regexp core\.sshCommand
2025-09-11T21:15:14.2943211Z [command]/usr/bin/git submodule foreach --recursive sh -c "git config --local --name-only --get-regexp 'core\.sshCommand' && git config --local --unset-all 'core.sshCommand' || :"
2025-09-11T21:15:14.3180702Z [command]/usr/bin/git config --local --name-only --get-regexp http\.https\:\/\/github\.com\/\.extraheader
2025-09-11T21:15:14.3215460Z [command]/usr/bin/git submodule foreach --recursive sh -c "git config --local --name-only --get-regexp 'http\.https\:\/\/github\.com\/\.extraheader' && git config --local --unset-all 'http.https://github.com/.extraheader' || :"
2025-09-11T21:15:14.3563634Z Cleaning up orphan processes
