2025-09-04T21:10:33.3040859Z Current runner version: '2.328.0'
2025-09-04T21:10:33.3070520Z ##[group]Runner Image Provisioner
2025-09-04T21:10:33.3071362Z Hosted Compute Agent
2025-09-04T21:10:33.3071932Z Version: 20250829.383
2025-09-04T21:10:33.3072499Z Commit: 27cb235aab5b0e52e153a26cd86b4742e89dac5d
2025-09-04T21:10:33.3073238Z Build Date: 2025-08-29T13:48:48Z
2025-09-04T21:10:33.3073815Z ##[endgroup]
2025-09-04T21:10:33.3074367Z ##[group]Operating System
2025-09-04T21:10:33.3075224Z Ubuntu
2025-09-04T21:10:33.3075692Z 24.04.3
2025-09-04T21:10:33.3076152Z LTS
2025-09-04T21:10:33.3076639Z ##[endgroup]
2025-09-04T21:10:33.3077112Z ##[group]Runner Image
2025-09-04T21:10:33.3077691Z Image: ubuntu-24.04
2025-09-04T21:10:33.3078284Z Version: 20250831.1.0
2025-09-04T21:10:33.3079261Z Included Software: https://github.com/actions/runner-images/blob/ubuntu24/20250831.1/images/ubuntu/Ubuntu2404-Readme.md
2025-09-04T21:10:33.3080754Z Image Release: https://github.com/actions/runner-images/releases/tag/ubuntu24%2F20250831.1
2025-09-04T21:10:33.3081820Z ##[endgroup]
2025-09-04T21:10:33.3082780Z ##[group]GITHUB_TOKEN Permissions
2025-09-04T21:10:33.3085060Z Contents: write
2025-09-04T21:10:33.3085647Z Metadata: read
2025-09-04T21:10:33.3086092Z ##[endgroup]
2025-09-04T21:10:33.3088275Z Secret source: Actions
2025-09-04T21:10:33.3088949Z Prepare workflow directory
2025-09-04T21:10:33.3471392Z Prepare all required actions
2025-09-04T21:10:33.3526294Z Getting action download info
2025-09-04T21:10:33.6989191Z Download action repository 'actions/checkout@v5.0.0' (SHA:08c6903cd8c0fde910a37f88322edcfb5dd907a8)
2025-09-04T21:10:33.7718281Z Download action repository 'actions/setup-python@v6.0.0' (SHA:e797f83bcb11b83ae66e0230d6156d7c80228e7c)
2025-09-04T21:10:34.2571073Z Download action repository 'bossOfCode/install-scratchattach@v1.0.3' (SHA:be17a7cf1ecb5a7040eb42ef26c2e1fbe72bb25a)
2025-09-04T21:10:34.7091072Z Complete job name: Run Prioritzing Handler
2025-09-04T21:10:34.7785820Z ##[group]Run actions/checkout@v5.0.0
2025-09-04T21:10:34.7786844Z with:
2025-09-04T21:10:34.7787292Z   ref: main
2025-09-04T21:10:34.7787747Z   repository: Boss-1s/scratchattach
2025-09-04T21:10:34.7788453Z   token: ***
2025-09-04T21:10:34.7788892Z   ssh-strict: true
2025-09-04T21:10:34.7789326Z   ssh-user: git
2025-09-04T21:10:34.7789767Z   persist-credentials: true
2025-09-04T21:10:34.7790255Z   clean: true
2025-09-04T21:10:34.7790696Z   sparse-checkout-cone-mode: true
2025-09-04T21:10:34.7791243Z   fetch-depth: 1
2025-09-04T21:10:34.7791682Z   fetch-tags: false
2025-09-04T21:10:34.7792131Z   show-progress: true
2025-09-04T21:10:34.7792589Z   lfs: false
2025-09-04T21:10:34.7793007Z   submodules: false
2025-09-04T21:10:34.7793453Z   set-safe-directory: true
2025-09-04T21:10:34.7794172Z ##[endgroup]
2025-09-04T21:10:34.8689032Z Syncing repository: Boss-1s/scratchattach
2025-09-04T21:10:34.8690851Z ##[group]Getting Git version info
2025-09-04T21:10:34.8691788Z Working directory is '/home/runner/work/scratchattach/scratchattach'
2025-09-04T21:10:34.8692858Z [command]/usr/bin/git version
2025-09-04T21:10:34.8744762Z git version 2.51.0
2025-09-04T21:10:34.8765105Z ##[endgroup]
2025-09-04T21:10:34.8778260Z Temporarily overriding HOME='/home/runner/work/_temp/369302ba-ca3f-4bff-adfb-558afcd18e02' before making global git config changes
2025-09-04T21:10:34.8779936Z Adding repository directory to the temporary git global config as a safe directory
2025-09-04T21:10:34.8782299Z [command]/usr/bin/git config --global --add safe.directory /home/runner/work/scratchattach/scratchattach
2025-09-04T21:10:34.8821576Z Deleting the contents of '/home/runner/work/scratchattach/scratchattach'
2025-09-04T21:10:34.8825149Z ##[group]Initializing the repository
2025-09-04T21:10:34.8829737Z [command]/usr/bin/git init /home/runner/work/scratchattach/scratchattach
2025-09-04T21:10:34.8910479Z hint: Using 'master' as the name for the initial branch. This default branch name
2025-09-04T21:10:34.8912116Z hint: is subject to change. To configure the initial branch name to use in all
2025-09-04T21:10:34.8913527Z hint: of your new repositories, which will suppress this warning, call:
2025-09-04T21:10:34.8914642Z hint:
2025-09-04T21:10:34.8915563Z hint: 	git config --global init.defaultBranch <name>
2025-09-04T21:10:34.8916512Z hint:
2025-09-04T21:10:34.8917440Z hint: Names commonly chosen instead of 'master' are 'main', 'trunk' and
2025-09-04T21:10:34.8918995Z hint: 'development'. The just-created branch can be renamed via this command:
2025-09-04T21:10:34.8919763Z hint:
2025-09-04T21:10:34.8920192Z hint: 	git branch -m <name>
2025-09-04T21:10:34.8920689Z hint:
2025-09-04T21:10:34.8921325Z hint: Disable this message with "git config set advice.defaultBranchName false"
2025-09-04T21:10:34.8922794Z Initialized empty Git repository in /home/runner/work/scratchattach/scratchattach/.git/
2025-09-04T21:10:34.8926097Z [command]/usr/bin/git remote add origin https://github.com/Boss-1s/scratchattach
2025-09-04T21:10:34.8959392Z ##[endgroup]
2025-09-04T21:10:34.8960788Z ##[group]Disabling automatic garbage collection
2025-09-04T21:10:34.8963005Z [command]/usr/bin/git config --local gc.auto 0
2025-09-04T21:10:34.8991227Z ##[endgroup]
2025-09-04T21:10:34.8992676Z ##[group]Setting up auth
2025-09-04T21:10:34.8998239Z [command]/usr/bin/git config --local --name-only --get-regexp core\.sshCommand
2025-09-04T21:10:34.9028395Z [command]/usr/bin/git submodule foreach --recursive sh -c "git config --local --name-only --get-regexp 'core\.sshCommand' && git config --local --unset-all 'core.sshCommand' || :"
2025-09-04T21:10:34.9309793Z [command]/usr/bin/git config --local --name-only --get-regexp http\.https\:\/\/github\.com\/\.extraheader
2025-09-04T21:10:34.9339427Z [command]/usr/bin/git submodule foreach --recursive sh -c "git config --local --name-only --get-regexp 'http\.https\:\/\/github\.com\/\.extraheader' && git config --local --unset-all 'http.https://github.com/.extraheader' || :"
2025-09-04T21:10:34.9555765Z [command]/usr/bin/git config --local http.https://github.com/.extraheader AUTHORIZATION: basic ***
2025-09-04T21:10:34.9588776Z ##[endgroup]
2025-09-04T21:10:34.9589619Z ##[group]Fetching the repository
2025-09-04T21:10:34.9597385Z [command]/usr/bin/git -c protocol.version=2 fetch --no-tags --prune --no-recurse-submodules --depth=1 origin +refs/heads/main*:refs/remotes/origin/main* +refs/tags/main*:refs/tags/main*
2025-09-04T21:10:35.4436527Z From https://github.com/Boss-1s/scratchattach
2025-09-04T21:10:35.4437632Z  * [new branch]      main       -> origin/main
2025-09-04T21:10:35.4465351Z ##[endgroup]
2025-09-04T21:10:35.4467178Z ##[group]Determining the checkout info
2025-09-04T21:10:35.4473270Z [command]/usr/bin/git branch --list --remote origin/main
2025-09-04T21:10:35.4496155Z   origin/main
2025-09-04T21:10:35.4501155Z ##[endgroup]
2025-09-04T21:10:35.4504713Z [command]/usr/bin/git sparse-checkout disable
2025-09-04T21:10:35.4546991Z [command]/usr/bin/git config --local --unset-all extensions.worktreeConfig
2025-09-04T21:10:35.4575525Z ##[group]Checking out the ref
2025-09-04T21:10:35.4578905Z [command]/usr/bin/git checkout --progress --force -B main refs/remotes/origin/main
2025-09-04T21:10:35.5021655Z Switched to a new branch 'main'
2025-09-04T21:10:35.5025335Z branch 'main' set up to track 'origin/main'.
2025-09-04T21:10:35.5038211Z ##[endgroup]
2025-09-04T21:10:35.5076441Z [command]/usr/bin/git log -1 --format=%H
2025-09-04T21:10:35.5101944Z a27bdf9235b2792aee5239bdfe2eb176cc65282c
2025-09-04T21:10:35.5413212Z ##[group]Run actions/setup-python@v6.0.0
2025-09-04T21:10:35.5414449Z with:
2025-09-04T21:10:35.5415462Z   python-version: 3.12.5
2025-09-04T21:10:35.5416466Z   check-latest: false
2025-09-04T21:10:35.5417654Z   token: ***
2025-09-04T21:10:35.5418537Z   update-environment: true
2025-09-04T21:10:35.5419589Z   allow-prereleases: false
2025-09-04T21:10:35.5420612Z   freethreaded: false
2025-09-04T21:10:35.5421530Z ##[endgroup]
2025-09-04T21:10:35.6675376Z ##[group]Installed versions
2025-09-04T21:10:35.6699868Z Version 3.12.5 was not found in the local cache
2025-09-04T21:10:35.6861971Z (node:2087) [DEP0040] DeprecationWarning: The `punycode` module is deprecated. Please use a userland alternative instead.
2025-09-04T21:10:35.6865364Z (Use `node --trace-deprecation ...` to show where the warning was created)
2025-09-04T21:10:36.2386741Z Version 3.12.5 is available for downloading
2025-09-04T21:10:36.2390093Z Download from "https://github.com/actions/python-versions/releases/download/3.12.5-10375840348/python-3.12.5-linux-24.04-x64.tar.gz"
2025-09-04T21:10:37.0072550Z Extract downloaded archive
2025-09-04T21:10:37.0201384Z [command]/usr/bin/tar xz --warning=no-unknown-keyword --overwrite -C /home/runner/work/_temp/0828a987-0c7d-4f18-b64a-53eecde60221 -f /home/runner/work/_temp/f8977f88-7d9b-4b93-83d5-e59fa78f338c
2025-09-04T21:10:39.0343026Z Execute installation script
2025-09-04T21:10:39.0441280Z Check if Python hostedtoolcache folder exist...
2025-09-04T21:10:39.0442100Z Create Python 3.12.5 folder
2025-09-04T21:10:39.0455050Z Copy Python binaries to hostedtoolcache folder
2025-09-04T21:10:39.6098216Z Create additional symlinks (Required for the UsePythonVersion Azure Pipelines task and the setup-python GitHub Action)
2025-09-04T21:10:39.6139769Z Upgrading pip...
2025-09-04T21:10:42.0833917Z Looking in links: /tmp/tmpjsm0s5lh
2025-09-04T21:10:42.0838106Z Requirement already satisfied: pip in /opt/hostedtoolcache/Python/3.12.5/x64/lib/python3.12/site-packages (24.2)
2025-09-04T21:10:43.5808787Z Collecting pip
2025-09-04T21:10:43.6622266Z Downloading pip-25.2-py3-none-any.whl.metadata (4.7 kB)
2025-09-04T21:10:43.6859132Z Downloading pip-25.2-py3-none-any.whl (1.8 MB)
2025-09-04T21:10:43.7854060Z ━━━━━━━━━━━━━━━━━━━━━━━━━━━━━━━━━━━━━━━━ 1.8/1.8 MB 32.3 MB/s eta 0:00:00
2025-09-04T21:10:43.7855932Z 
2025-09-04T21:10:43.8062260Z Installing collected packages: pip
2025-09-04T21:10:43.8064402Z Attempting uninstall: pip
2025-09-04T21:10:43.8085708Z Found existing installation: pip 24.2
2025-09-04T21:10:43.8505389Z Uninstalling pip-24.2:
2025-09-04T21:10:43.8560556Z Successfully uninstalled pip-24.2
2025-09-04T21:10:44.7226163Z Successfully installed pip-25.2
2025-09-04T21:10:44.7673406Z Create complete file
2025-09-04T21:10:44.7711347Z Successfully set up CPython (3.12.5)
2025-09-04T21:10:44.7712147Z ##[endgroup]
2025-09-04T21:10:44.7898922Z ##[group]Run bossOfCode/install-scratchattach@v1.0.3
2025-09-04T21:10:44.7899253Z env:
2025-09-04T21:10:44.7899502Z   pythonLocation: /opt/hostedtoolcache/Python/3.12.5/x64
2025-09-04T21:10:44.7899904Z   PKG_CONFIG_PATH: /opt/hostedtoolcache/Python/3.12.5/x64/lib/pkgconfig
2025-09-04T21:10:44.7900285Z   Python_ROOT_DIR: /opt/hostedtoolcache/Python/3.12.5/x64
2025-09-04T21:10:44.7900653Z   Python2_ROOT_DIR: /opt/hostedtoolcache/Python/3.12.5/x64
2025-09-04T21:10:44.7901003Z   Python3_ROOT_DIR: /opt/hostedtoolcache/Python/3.12.5/x64
2025-09-04T21:10:44.7901372Z   LD_LIBRARY_PATH: /opt/hostedtoolcache/Python/3.12.5/x64/lib
2025-09-04T21:10:44.7901653Z ##[endgroup]
2025-09-04T21:10:44.8041761Z ##[group]Run python3 -m pip install --upgrade pip
2025-09-04T21:10:44.8042150Z [36;1mpython3 -m pip install --upgrade pip[0m
2025-09-04T21:10:44.8095683Z shell: /usr/bin/bash --noprofile --norc -e -o pipefail {0}
2025-09-04T21:10:44.8096018Z env:
2025-09-04T21:10:44.8096302Z   pythonLocation: /opt/hostedtoolcache/Python/3.12.5/x64
2025-09-04T21:10:44.8096699Z   PKG_CONFIG_PATH: /opt/hostedtoolcache/Python/3.12.5/x64/lib/pkgconfig
2025-09-04T21:10:44.8097093Z   Python_ROOT_DIR: /opt/hostedtoolcache/Python/3.12.5/x64
2025-09-04T21:10:44.8097447Z   Python2_ROOT_DIR: /opt/hostedtoolcache/Python/3.12.5/x64
2025-09-04T21:10:44.8097779Z   Python3_ROOT_DIR: /opt/hostedtoolcache/Python/3.12.5/x64
2025-09-04T21:10:44.8098118Z   LD_LIBRARY_PATH: /opt/hostedtoolcache/Python/3.12.5/x64/lib
2025-09-04T21:10:44.8098405Z ##[endgroup]
2025-09-04T21:10:45.1812731Z Requirement already satisfied: pip in /opt/hostedtoolcache/Python/3.12.5/x64/lib/python3.12/site-packages (25.2)
2025-09-04T21:10:45.3566862Z ##[group]Run pip install -U scratchattach
2025-09-04T21:10:45.3567187Z [36;1mpip install -U scratchattach[0m
2025-09-04T21:10:45.3598548Z shell: /usr/bin/bash --noprofile --norc -e -o pipefail {0}
2025-09-04T21:10:45.3599110Z env:
2025-09-04T21:10:45.3599367Z   pythonLocation: /opt/hostedtoolcache/Python/3.12.5/x64
2025-09-04T21:10:45.3599769Z   PKG_CONFIG_PATH: /opt/hostedtoolcache/Python/3.12.5/x64/lib/pkgconfig
2025-09-04T21:10:45.3600146Z   Python_ROOT_DIR: /opt/hostedtoolcache/Python/3.12.5/x64
2025-09-04T21:10:45.3600477Z   Python2_ROOT_DIR: /opt/hostedtoolcache/Python/3.12.5/x64
2025-09-04T21:10:45.3600812Z   Python3_ROOT_DIR: /opt/hostedtoolcache/Python/3.12.5/x64
2025-09-04T21:10:45.3601152Z   LD_LIBRARY_PATH: /opt/hostedtoolcache/Python/3.12.5/x64/lib
2025-09-04T21:10:45.3601431Z ##[endgroup]
2025-09-04T21:10:45.8274145Z Collecting scratchattach
2025-09-04T21:10:45.8937510Z   Downloading scratchattach-2.1.13-py3-none-any.whl.metadata (5.5 kB)
2025-09-04T21:10:45.9169926Z Collecting websocket-client (from scratchattach)
2025-09-04T21:10:45.9317036Z   Downloading websocket_client-1.8.0-py3-none-any.whl.metadata (8.0 kB)
2025-09-04T21:10:45.9646166Z Collecting requests (from scratchattach)
2025-09-04T21:10:45.9794402Z   Downloading requests-2.32.5-py3-none-any.whl.metadata (4.9 kB)
2025-09-04T21:10:45.9919814Z Collecting bs4 (from scratchattach)
2025-09-04T21:10:46.0063037Z   Downloading bs4-0.0.2-py2.py3-none-any.whl.metadata (411 bytes)
2025-09-04T21:10:46.0191549Z Collecting SimpleWebSocketServer (from scratchattach)
2025-09-04T21:10:46.0341402Z   Downloading SimpleWebSocketServer-0.1.2.tar.gz (10 kB)
2025-09-04T21:10:46.0458044Z   Installing build dependencies: started
2025-09-04T21:10:47.6638111Z   Installing build dependencies: finished with status 'done'
2025-09-04T21:10:47.6644299Z   Getting requirements to build wheel: started
2025-09-04T21:10:48.0141429Z   Getting requirements to build wheel: finished with status 'done'
2025-09-04T21:10:48.0149733Z   Preparing metadata (pyproject.toml): started
2025-09-04T21:10:48.1956063Z   Preparing metadata (pyproject.toml): finished with status 'done'
2025-09-04T21:10:48.2129556Z Collecting typing-extensions (from scratchattach)
2025-09-04T21:10:48.2277144Z   Downloading typing_extensions-4.15.0-py3-none-any.whl.metadata (3.3 kB)
2025-09-04T21:10:48.2475222Z Collecting beautifulsoup4 (from bs4->scratchattach)
2025-09-04T21:10:48.2621033Z   Downloading beautifulsoup4-4.13.5-py3-none-any.whl.metadata (3.8 kB)
2025-09-04T21:10:48.2820456Z Collecting soupsieve>1.2 (from beautifulsoup4->bs4->scratchattach)
2025-09-04T21:10:48.2966561Z   Downloading soupsieve-2.8-py3-none-any.whl.metadata (4.6 kB)
2025-09-04T21:10:48.3996630Z Collecting charset_normalizer<4,>=2 (from requests->scratchattach)
2025-09-04T21:10:48.5433339Z   Downloading charset_normalizer-3.4.3-cp312-cp312-manylinux2014_x86_64.manylinux_2_17_x86_64.manylinux_2_28_x86_64.whl.metadata (36 kB)
2025-09-04T21:10:48.5689181Z Collecting idna<4,>=2.5 (from requests->scratchattach)
2025-09-04T21:10:48.5837862Z   Downloading idna-3.10-py3-none-any.whl.metadata (10 kB)
2025-09-04T21:10:48.6171279Z Collecting urllib3<3,>=1.21.1 (from requests->scratchattach)
2025-09-04T21:10:48.6318380Z   Downloading urllib3-2.5.0-py3-none-any.whl.metadata (6.5 kB)
2025-09-04T21:10:48.6548595Z Collecting certifi>=2017.4.17 (from requests->scratchattach)
2025-09-04T21:10:48.7707083Z   Downloading certifi-2025.8.3-py3-none-any.whl.metadata (2.4 kB)
2025-09-04T21:10:48.7925419Z Downloading scratchattach-2.1.13-py3-none-any.whl (141 kB)
2025-09-04T21:10:48.8253009Z Downloading bs4-0.0.2-py2.py3-none-any.whl (1.2 kB)
2025-09-04T21:10:48.8419145Z Downloading beautifulsoup4-4.13.5-py3-none-any.whl (105 kB)
2025-09-04T21:10:48.8609149Z Downloading soupsieve-2.8-py3-none-any.whl (36 kB)
2025-09-04T21:10:48.8774239Z Downloading typing_extensions-4.15.0-py3-none-any.whl (44 kB)
2025-09-04T21:10:48.8940075Z Downloading requests-2.32.5-py3-none-any.whl (64 kB)
2025-09-04T21:10:48.9115576Z Downloading charset_normalizer-3.4.3-cp312-cp312-manylinux2014_x86_64.manylinux_2_17_x86_64.manylinux_2_28_x86_64.whl (151 kB)
2025-09-04T21:10:48.9309886Z Downloading idna-3.10-py3-none-any.whl (70 kB)
2025-09-04T21:10:48.9484080Z Downloading urllib3-2.5.0-py3-none-any.whl (129 kB)
2025-09-04T21:10:48.9665292Z Downloading certifi-2025.8.3-py3-none-any.whl (161 kB)
2025-09-04T21:10:48.9860027Z Downloading websocket_client-1.8.0-py3-none-any.whl (58 kB)
2025-09-04T21:10:48.9999329Z Building wheels for collected packages: SimpleWebSocketServer
2025-09-04T21:10:49.0008541Z   Building wheel for SimpleWebSocketServer (pyproject.toml): started
2025-09-04T21:10:49.2181189Z   Building wheel for SimpleWebSocketServer (pyproject.toml): finished with status 'done'
2025-09-04T21:10:49.2186548Z   Created wheel for SimpleWebSocketServer: filename=simplewebsocketserver-0.1.2-py3-none-any.whl size=9715 sha256=c008aabf4050135c40aa3074f1daef74ef5d62eecfcfa3e89b87a3c1f8639dac
2025-09-04T21:10:49.2187992Z   Stored in directory: /home/runner/.cache/pip/wheels/81/fd/d8/f145b47bedceb5dff96b76e404a4ee9be956a4f8f150cd8133
2025-09-04T21:10:49.2206885Z Successfully built SimpleWebSocketServer
2025-09-04T21:10:49.2381070Z Installing collected packages: SimpleWebSocketServer, websocket-client, urllib3, typing-extensions, soupsieve, idna, charset_normalizer, certifi, requests, beautifulsoup4, bs4, scratchattach
2025-09-04T21:10:49.8010822Z 
2025-09-04T21:10:49.8030527Z Successfully installed SimpleWebSocketServer-0.1.2 beautifulsoup4-4.13.5 bs4-0.0.2 certifi-2025.8.3 charset_normalizer-3.4.3 idna-3.10 requests-2.32.5 scratchattach-2.1.13 soupsieve-2.8 typing-extensions-4.15.0 urllib3-2.5.0 websocket-client-1.8.0
2025-09-04T21:10:49.8789344Z ##[group]Run actions/checkout@v5.0.0
2025-09-04T21:10:49.8789599Z with:
2025-09-04T21:10:49.8789763Z   ref: main
2025-09-04T21:10:49.8789945Z   repository: Boss-1s/scratchattach
2025-09-04T21:10:49.8790288Z   token: ***
2025-09-04T21:10:49.8790468Z   ssh-strict: true
2025-09-04T21:10:49.8790647Z   ssh-user: git
2025-09-04T21:10:49.8790830Z   persist-credentials: true
2025-09-04T21:10:49.8791038Z   clean: true
2025-09-04T21:10:49.8791224Z   sparse-checkout-cone-mode: true
2025-09-04T21:10:49.8791452Z   fetch-depth: 1
2025-09-04T21:10:49.8791646Z   fetch-tags: false
2025-09-04T21:10:49.8791824Z   show-progress: true
2025-09-04T21:10:49.8792007Z   lfs: false
2025-09-04T21:10:49.8792174Z   submodules: false
2025-09-04T21:10:49.8792353Z   set-safe-directory: true
2025-09-04T21:10:49.8792553Z env:
2025-09-04T21:10:49.8792770Z   pythonLocation: /opt/hostedtoolcache/Python/3.12.5/x64
2025-09-04T21:10:49.8793154Z   PKG_CONFIG_PATH: /opt/hostedtoolcache/Python/3.12.5/x64/lib/pkgconfig
2025-09-04T21:10:49.8793546Z   Python_ROOT_DIR: /opt/hostedtoolcache/Python/3.12.5/x64
2025-09-04T21:10:49.8793880Z   Python2_ROOT_DIR: /opt/hostedtoolcache/Python/3.12.5/x64
2025-09-04T21:10:49.8794212Z   Python3_ROOT_DIR: /opt/hostedtoolcache/Python/3.12.5/x64
2025-09-04T21:10:49.8794540Z   LD_LIBRARY_PATH: /opt/hostedtoolcache/Python/3.12.5/x64/lib
2025-09-04T21:10:49.8794962Z ##[endgroup]
2025-09-04T21:10:49.9548186Z Syncing repository: Boss-1s/scratchattach
2025-09-04T21:10:49.9549407Z ##[group]Getting Git version info
2025-09-04T21:10:49.9550003Z Working directory is '/home/runner/work/scratchattach/scratchattach'
2025-09-04T21:10:49.9584597Z [command]/usr/bin/git version
2025-09-04T21:10:49.9619512Z git version 2.51.0
2025-09-04T21:10:49.9639939Z ##[endgroup]
2025-09-04T21:10:49.9652780Z Temporarily overriding HOME='/home/runner/work/_temp/69387262-986d-4a8f-b33c-91ada8ff32a5' before making global git config changes
2025-09-04T21:10:49.9653662Z Adding repository directory to the temporary git global config as a safe directory
2025-09-04T21:10:49.9658023Z [command]/usr/bin/git config --global --add safe.directory /home/runner/work/scratchattach/scratchattach
2025-09-04T21:10:49.9694329Z [command]/usr/bin/git config --local --get remote.origin.url
2025-09-04T21:10:49.9714555Z https://github.com/Boss-1s/scratchattach
2025-09-04T21:10:49.9727351Z ##[group]Removing previously created refs, to avoid conflicts
2025-09-04T21:10:49.9731021Z [command]/usr/bin/git rev-parse --symbolic-full-name --verify --quiet HEAD
2025-09-04T21:10:49.9751233Z refs/heads/main
2025-09-04T21:10:49.9760254Z [command]/usr/bin/git checkout --detach
2025-09-04T21:10:50.0121906Z HEAD is now at a27bdf9 username update
2025-09-04T21:10:50.0163443Z [command]/usr/bin/git branch --delete --force main
2025-09-04T21:10:50.0189162Z Deleted branch main (was a27bdf9).
2025-09-04T21:10:50.0221747Z ##[endgroup]
2025-09-04T21:10:50.0225638Z [command]/usr/bin/git submodule status
2025-09-04T21:10:50.0447070Z ##[group]Cleaning the repository
2025-09-04T21:10:50.0451763Z [command]/usr/bin/git clean -ffdx
2025-09-04T21:10:50.0484102Z [command]/usr/bin/git reset --hard HEAD
2025-09-04T21:10:50.0519329Z HEAD is now at a27bdf9 username update
2025-09-04T21:10:50.0525241Z ##[endgroup]
2025-09-04T21:10:50.0526750Z ##[group]Disabling automatic garbage collection
2025-09-04T21:10:50.0531114Z [command]/usr/bin/git config --local gc.auto 0
2025-09-04T21:10:50.0556631Z ##[endgroup]
2025-09-04T21:10:50.0557204Z ##[group]Setting up auth
2025-09-04T21:10:50.0563721Z [command]/usr/bin/git config --local --name-only --get-regexp core\.sshCommand
2025-09-04T21:10:50.0592738Z [command]/usr/bin/git submodule foreach --recursive sh -c "git config --local --name-only --get-regexp 'core\.sshCommand' && git config --local --unset-all 'core.sshCommand' || :"
2025-09-04T21:10:50.0812286Z [command]/usr/bin/git config --local --name-only --get-regexp http\.https\:\/\/github\.com\/\.extraheader
2025-09-04T21:10:50.0833002Z http.https://github.com/.extraheader
2025-09-04T21:10:50.0842497Z [command]/usr/bin/git config --local --unset-all http.https://github.com/.extraheader
2025-09-04T21:10:50.0872274Z [command]/usr/bin/git submodule foreach --recursive sh -c "git config --local --name-only --get-regexp 'http\.https\:\/\/github\.com\/\.extraheader' && git config --local --unset-all 'http.https://github.com/.extraheader' || :"
2025-09-04T21:10:50.1091891Z [command]/usr/bin/git config --local http.https://github.com/.extraheader AUTHORIZATION: basic ***
2025-09-04T21:10:50.1157950Z ##[endgroup]
2025-09-04T21:10:50.1158756Z ##[group]Fetching the repository
2025-09-04T21:10:50.1166910Z [command]/usr/bin/git -c protocol.version=2 fetch --no-tags --prune --no-recurse-submodules --depth=1 origin +refs/heads/main*:refs/remotes/origin/main* +refs/tags/main*:refs/tags/main*
2025-09-04T21:10:50.4284006Z ##[endgroup]
2025-09-04T21:10:50.4284571Z ##[group]Determining the checkout info
2025-09-04T21:10:50.4291881Z [command]/usr/bin/git branch --list --remote origin/main
2025-09-04T21:10:50.4316534Z   origin/main
2025-09-04T21:10:50.4320510Z ##[endgroup]
2025-09-04T21:10:50.4325651Z [command]/usr/bin/git sparse-checkout disable
2025-09-04T21:10:50.4365119Z [command]/usr/bin/git config --local --unset-all extensions.worktreeConfig
2025-09-04T21:10:50.4391754Z ##[group]Checking out the ref
2025-09-04T21:10:50.4396401Z [command]/usr/bin/git checkout --progress --force -B main refs/remotes/origin/main
2025-09-04T21:10:50.4435926Z Switched to a new branch 'main'
2025-09-04T21:10:50.4439230Z branch 'main' set up to track 'origin/main'.
2025-09-04T21:10:50.4446451Z ##[endgroup]
2025-09-04T21:10:50.4484587Z [command]/usr/bin/git log -1 --format=%H
2025-09-04T21:10:50.4504577Z a27bdf9235b2792aee5239bdfe2eb176cc65282c
2025-09-04T21:10:50.4635150Z ##[group]Run python3 aesthetic_prioritizing.py
2025-09-04T21:10:50.4635510Z [36;1mpython3 aesthetic_prioritizing.py[0m
2025-09-04T21:10:50.4666252Z shell: /usr/bin/bash -e {0}
2025-09-04T21:10:50.4666473Z env:
2025-09-04T21:10:50.4666717Z   pythonLocation: /opt/hostedtoolcache/Python/3.12.5/x64
2025-09-04T21:10:50.4667107Z   PKG_CONFIG_PATH: /opt/hostedtoolcache/Python/3.12.5/x64/lib/pkgconfig
2025-09-04T21:10:50.4667486Z   Python_ROOT_DIR: /opt/hostedtoolcache/Python/3.12.5/x64
2025-09-04T21:10:50.4667822Z   Python2_ROOT_DIR: /opt/hostedtoolcache/Python/3.12.5/x64
2025-09-04T21:10:50.4668154Z   Python3_ROOT_DIR: /opt/hostedtoolcache/Python/3.12.5/x64
2025-09-04T21:10:50.4668488Z   LD_LIBRARY_PATH: /opt/hostedtoolcache/Python/3.12.5/x64/lib
2025-09-04T21:10:50.4668943Z   PASS: ***
2025-09-04T21:10:50.4669109Z ##[endgroup]
2025-09-04T21:12:54.0637211Z Traceback (most recent call last):
2025-09-04T21:12:54.0646248Z   File "/home/runner/work/scratchattach/scratchattach/aesthetic_prioritizing.py", line 68, in prioritize
2025-09-04T21:12:54.0647022Z Prioritizing: Attempt 1
2025-09-04T21:12:54.0647289Z     project.unfavorite()
2025-09-04T21:12:54.0647998Z   File "/opt/hostedtoolcache/Python/3.12.5/x64/lib/python3.12/site-packages/scratchattach/site/project.py", line 442, in unfavorite
2025-09-04T21:12:54.0648845Z     r = requests.delete(
2025-09-04T21:12:54.0649106Z         ^^^^^^^^^^^^^^^^
2025-09-04T21:12:54.0649913Z   File "/opt/hostedtoolcache/Python/3.12.5/x64/lib/python3.12/site-packages/scratchattach/utils/requests.py", line 55, in delete
2025-09-04T21:12:54.0650644Z     Requests.check_response(r)
2025-09-04T21:12:54.0651303Z   File "/opt/hostedtoolcache/Python/3.12.5/x64/lib/python3.12/site-packages/scratchattach/utils/requests.py", line 17, in check_response
2025-09-04T21:12:54.0652155Z     raise exceptions.Unauthorized(f"Request content: {r.content}")
2025-09-04T21:12:54.0653306Z scratchattach.utils.exceptions.Unauthorized: The user corresponding to the connected login / session is not allowed to perform this action. Request content: b'{"code":"Forbidden","message":""}'
2025-09-04T21:12:54.0654163Z 
2025-09-04T21:12:54.0654425Z During handling of the above exception, another exception occurred:
2025-09-04T21:12:54.0654952Z 
2025-09-04T21:12:54.0655088Z Traceback (most recent call last):
2025-09-04T21:12:54.0655598Z   File "/home/runner/work/scratchattach/scratchattach/aesthetic_prioritizing.py", line 68, in prioritize
2025-09-04T21:12:54.0656232Z     project.unfavorite()
2025-09-04T21:12:54.0656935Z   File "/opt/hostedtoolcache/Python/3.12.5/x64/lib/python3.12/site-packages/scratchattach/site/project.py", line 442, in unfavorite
2025-09-04T21:12:54.0657711Z     r = requests.delete(
2025-09-04T21:12:54.0658040Z         ^^^^^^^^^^^^^^^^
2025-09-04T21:12:54.0658690Z   File "/opt/hostedtoolcache/Python/3.12.5/x64/lib/python3.12/site-packages/scratchattach/utils/requests.py", line 55, in delete
2025-09-04T21:12:54.0659412Z     Requests.check_response(r)
2025-09-04T21:12:54.0660197Z   File "/opt/hostedtoolcache/Python/3.12.5/x64/lib/python3.12/site-packages/scratchattach/utils/requests.py", line 17, in check_response
2025-09-04T21:12:54.0661068Z     raise exceptions.Unauthorized(f"Request content: {r.content}")
2025-09-04T21:12:54.0662082Z scratchattach.utils.exceptions.Unauthorized: The user corresponding to the connected login / session is not allowed to perform this action. Request content: b'{"code":"Forbidden","message":""}'
2025-09-04T21:12:54.0662943Z 
2025-09-04T21:12:54.0663236Z During handling of the above exception, another exception occurred:
2025-09-04T21:12:54.0663636Z 
2025-09-04T21:12:54.0663741Z Traceback (most recent call last):
2025-09-04T21:12:54.0664214Z   File "/home/runner/work/scratchattach/scratchattach/aesthetic_prioritizing.py", line 68, in prioritize
2025-09-04T21:12:54.0664677Z     project.unfavorite()
2025-09-04T21:12:54.0665311Z   File "/opt/hostedtoolcache/Python/3.12.5/x64/lib/python3.12/site-packages/scratchattach/site/project.py", line 442, in unfavorite
2025-09-04T21:12:54.0666223Z Unfavorited project 1193158560
2025-09-04T21:12:54.0666492Z Favorited project 1193158560 to move it to the top
2025-09-04T21:12:54.0667165Z Process failed, retying. Error: The user corresponding to the connected login / session is not allowed to perform this action. Request content: b'{"code":"Forbidden","message":""}'
2025-09-04T21:12:54.0667868Z Prioritizing: Attempt 2
2025-09-04T21:12:54.0668461Z Process failed, retying. Error: The user corresponding to the connected login / session is not allowed to perform this action. Request content: b'{"code":"Forbidden","message":""}'
2025-09-04T21:12:54.0669082Z Prioritizing: Attempt 3
2025-09-04T21:12:54.0669655Z Process failed, retying. Error: The user corresponding to the connected login / session is not allowed to perform this action. Request content: b'{"code":"Forbidden","message":""}'
2025-09-04T21:12:54.0670448Z Prioritizing: Attempt 4
2025-09-04T21:12:54.0671035Z Process failed, retying. Error: The user corresponding to the connected login / session is not allowed to perform this action. Request content: b'{"code":"Forbidden","message":""}'
2025-09-04T21:12:54.0671669Z Prioritizing: Attempt 5
2025-09-04T21:12:54.0672254Z Process failed, retying. Error: The user corresponding to the connected login / session is not allowed to perform this action. Request content: b'{"code":"Forbidden","message":""}'
2025-09-04T21:12:54.0672880Z Prioritizing: Attempt 6
2025-09-04T21:12:54.0673161Z Process failed, and the maximum attempt value has been reached. Exiting.
2025-09-04T21:12:54.0673512Z Prioritized projects in your favorite list.
2025-09-04T21:12:54.0673794Z     r = requests.delete(
2025-09-04T21:12:54.0673985Z         ^^^^^^^^^^^^^^^^
2025-09-04T21:12:54.0674499Z   File "/opt/hostedtoolcache/Python/3.12.5/x64/lib/python3.12/site-packages/scratchattach/utils/requests.py", line 55, in delete
2025-09-04T21:12:54.0675169Z     Requests.check_response(r)
2025-09-04T21:12:54.0675739Z   File "/opt/hostedtoolcache/Python/3.12.5/x64/lib/python3.12/site-packages/scratchattach/utils/requests.py", line 17, in check_response
2025-09-04T21:12:54.0676400Z     raise exceptions.Unauthorized(f"Request content: {r.content}")
2025-09-04T21:12:54.0677192Z scratchattach.utils.exceptions.Unauthorized: The user corresponding to the connected login / session is not allowed to perform this action. Request content: b'{"code":"Forbidden","message":""}'
2025-09-04T21:12:54.0677826Z 
2025-09-04T21:12:54.0677985Z During handling of the above exception, another exception occurred:
2025-09-04T21:12:54.0678227Z 
2025-09-04T21:12:54.0678317Z Traceback (most recent call last):
2025-09-04T21:12:54.0678777Z   File "/home/runner/work/scratchattach/scratchattach/aesthetic_prioritizing.py", line 68, in prioritize
2025-09-04T21:12:54.0679239Z     project.unfavorite()
2025-09-04T21:12:54.0679756Z   File "/opt/hostedtoolcache/Python/3.12.5/x64/lib/python3.12/site-packages/scratchattach/site/project.py", line 442, in unfavorite
2025-09-04T21:12:54.0680279Z     r = requests.delete(
2025-09-04T21:12:54.0680469Z         ^^^^^^^^^^^^^^^^
2025-09-04T21:12:54.0680950Z   File "/opt/hostedtoolcache/Python/3.12.5/x64/lib/python3.12/site-packages/scratchattach/utils/requests.py", line 55, in delete
2025-09-04T21:12:54.0681460Z     Requests.check_response(r)
2025-09-04T21:12:54.0682034Z   File "/opt/hostedtoolcache/Python/3.12.5/x64/lib/python3.12/site-packages/scratchattach/utils/requests.py", line 17, in check_response
2025-09-04T21:12:54.0682691Z     raise exceptions.Unauthorized(f"Request content: {r.content}")
2025-09-04T21:12:54.0683648Z scratchattach.utils.exceptions.Unauthorized: The user corresponding to the connected login / session is not allowed to perform this action. Request content: b'{"code":"Forbidden","message":""}'
2025-09-04T21:12:54.0684282Z 
2025-09-04T21:12:54.0684440Z During handling of the above exception, another exception occurred:
2025-09-04T21:12:54.0684690Z 
2025-09-04T21:12:54.0684776Z Traceback (most recent call last):
2025-09-04T21:12:54.0685633Z   File "/home/runner/work/scratchattach/scratchattach/aesthetic_prioritizing.py", line 68, in prioritize
2025-09-04T21:12:54.0686159Z     project.unfavorite()
2025-09-04T21:12:54.0686700Z   File "/opt/hostedtoolcache/Python/3.12.5/x64/lib/python3.12/site-packages/scratchattach/site/project.py", line 442, in unfavorite
2025-09-04T21:12:54.0687226Z     r = requests.delete(
2025-09-04T21:12:54.0687409Z         ^^^^^^^^^^^^^^^^
2025-09-04T21:12:54.0687888Z   File "/opt/hostedtoolcache/Python/3.12.5/x64/lib/python3.12/site-packages/scratchattach/utils/requests.py", line 55, in delete
2025-09-04T21:12:54.0688634Z     Requests.check_response(r)
2025-09-04T21:12:54.0689254Z   File "/opt/hostedtoolcache/Python/3.12.5/x64/lib/python3.12/site-packages/scratchattach/utils/requests.py", line 17, in check_response
2025-09-04T21:12:54.0689898Z     raise exceptions.Unauthorized(f"Request content: {r.content}")
2025-09-04T21:12:54.0690916Z scratchattach.utils.exceptions.Unauthorized: The user corresponding to the connected login / session is not allowed to perform this action. Request content: b'{"code":"Forbidden","message":""}'
2025-09-04T21:12:54.0691555Z 
2025-09-04T21:12:54.0691711Z During handling of the above exception, another exception occurred:
2025-09-04T21:12:54.0691957Z 
2025-09-04T21:12:54.0692041Z Traceback (most recent call last):
2025-09-04T21:12:54.0692517Z   File "/home/runner/work/scratchattach/scratchattach/aesthetic_prioritizing.py", line 51, in prioritize
2025-09-04T21:12:54.0693161Z     raise ValueError("Process failed, and the maximum attempt value has been reached. Exiting.")
2025-09-04T21:12:54.0693724Z ValueError: Process failed, and the maximum attempt value has been reached. Exiting.
2025-09-04T21:12:54.0694044Z 
2025-09-04T21:12:54.0694207Z During handling of the above exception, another exception occurred:
2025-09-04T21:12:54.0694449Z 
2025-09-04T21:12:54.0694537Z Traceback (most recent call last):
2025-09-04T21:12:54.0695117Z   File "/home/runner/work/scratchattach/scratchattach/aesthetic_prioritizing.py", line 99, in <module>
2025-09-04T21:12:54.0695573Z     prioritize(atmp, max_atmp)
2025-09-04T21:12:54.0696018Z   File "/home/runner/work/scratchattach/scratchattach/aesthetic_prioritizing.py", line 94, in prioritize
2025-09-04T21:12:54.0696475Z     prioritize(atmp, max_atmp)
2025-09-04T21:12:54.0696917Z   File "/home/runner/work/scratchattach/scratchattach/aesthetic_prioritizing.py", line 94, in prioritize
2025-09-04T21:12:54.0697365Z     prioritize(atmp, max_atmp)
2025-09-04T21:12:54.0697799Z   File "/home/runner/work/scratchattach/scratchattach/aesthetic_prioritizing.py", line 94, in prioritize
2025-09-04T21:12:54.0698243Z     prioritize(atmp, max_atmp)
2025-09-04T21:12:54.0698466Z   [Previous line repeated 2 more times]
2025-09-04T21:12:54.0698933Z   File "/home/runner/work/scratchattach/scratchattach/aesthetic_prioritizing.py", line 84, in prioritize
2025-09-04T21:12:54.0699376Z     sys.exit(1)
2025-09-04T21:12:54.0699540Z     ^^^
2025-09-04T21:12:54.0699785Z NameError: name 'sys' is not defined. Did you forget to import 'sys'?
2025-09-04T21:12:54.0939687Z ##[error]Process completed with exit code 1.
2025-09-04T21:12:54.1009756Z Post job cleanup.
2025-09-04T21:12:54.1813572Z [command]/usr/bin/git version
2025-09-04T21:12:54.1866664Z git version 2.51.0
2025-09-04T21:12:54.1886572Z Temporarily overriding HOME='/home/runner/work/_temp/2eddc80a-895d-4216-84a6-f320510cc1c0' before making global git config changes
2025-09-04T21:12:54.1887739Z Adding repository directory to the temporary git global config as a safe directory
2025-09-04T21:12:54.1891842Z [command]/usr/bin/git config --global --add safe.directory /home/runner/work/scratchattach/scratchattach
2025-09-04T21:12:54.1927098Z [command]/usr/bin/git config --local --name-only --get-regexp core\.sshCommand
2025-09-04T21:12:54.1958673Z [command]/usr/bin/git submodule foreach --recursive sh -c "git config --local --name-only --get-regexp 'core\.sshCommand' && git config --local --unset-all 'core.sshCommand' || :"
2025-09-04T21:12:54.2180558Z [command]/usr/bin/git config --local --name-only --get-regexp http\.https\:\/\/github\.com\/\.extraheader
2025-09-04T21:12:54.2202084Z http.https://github.com/.extraheader
2025-09-04T21:12:54.2212599Z [command]/usr/bin/git config --local --unset-all http.https://github.com/.extraheader
2025-09-04T21:12:54.2244267Z [command]/usr/bin/git submodule foreach --recursive sh -c "git config --local --name-only --get-regexp 'http\.https\:\/\/github\.com\/\.extraheader' && git config --local --unset-all 'http.https://github.com/.extraheader' || :"
2025-09-04T21:12:54.2579018Z Post job cleanup.
2025-09-04T21:12:54.3324241Z [command]/usr/bin/git version
2025-09-04T21:12:54.3358904Z git version 2.51.0
2025-09-04T21:12:54.3395158Z Temporarily overriding HOME='/home/runner/work/_temp/540b9535-6037-465d-a909-58c712ee58f0' before making global git config changes
2025-09-04T21:12:54.3396413Z Adding repository directory to the temporary git global config as a safe directory
2025-09-04T21:12:54.3400237Z [command]/usr/bin/git config --global --add safe.directory /home/runner/work/scratchattach/scratchattach
2025-09-04T21:12:54.3435232Z [command]/usr/bin/git config --local --name-only --get-regexp core\.sshCommand
2025-09-04T21:12:54.3467601Z [command]/usr/bin/git submodule foreach --recursive sh -c "git config --local --name-only --get-regexp 'core\.sshCommand' && git config --local --unset-all 'core.sshCommand' || :"
2025-09-04T21:12:54.3691678Z [command]/usr/bin/git config --local --name-only --get-regexp http\.https\:\/\/github\.com\/\.extraheader
2025-09-04T21:12:54.3727605Z [command]/usr/bin/git submodule foreach --recursive sh -c "git config --local --name-only --get-regexp 'http\.https\:\/\/github\.com\/\.extraheader' && git config --local --unset-all 'http.https://github.com/.extraheader' || :"
2025-09-04T21:12:54.4093468Z Cleaning up orphan processes
